Archive member included to satisfy reference by file (symbol)

/usr/lib/gcc/arm-none-eabi/10.3.1/thumb/v7e-m+fp/hard/libgcc.a(_aeabi_uldivmod.o)
                              cmake/stm32cubemx/CMakeFiles/STM32_Drivers.dir/__/__/Drivers/STM32F4xx_HAL_Driver/Src/stm32f4xx_hal_rcc.c.obj (__aeabi_uldivmod)
/usr/lib/gcc/arm-none-eabi/10.3.1/thumb/v7e-m+fp/hard/libgcc.a(_udivmoddi4.o)
                              /usr/lib/gcc/arm-none-eabi/10.3.1/thumb/v7e-m+fp/hard/libgcc.a(_aeabi_uldivmod.o) (__udivmoddi4)
/usr/lib/gcc/arm-none-eabi/10.3.1/thumb/v7e-m+fp/hard/libgcc.a(_dvmd_tls.o)
                              /usr/lib/gcc/arm-none-eabi/10.3.1/thumb/v7e-m+fp/hard/libgcc.a(_aeabi_uldivmod.o) (__aeabi_ldiv0)
/usr/lib/gcc/arm-none-eabi/10.3.1/../../../arm-none-eabi/lib/thumb/v7e-m+fp/hard/libg_nano.a(lib_a-atexit.o)
                              /usr/lib/gcc/arm-none-eabi/10.3.1/../../../arm-none-eabi/lib/thumb/v7e-m+fp/hard/crt0.o (atexit)
/usr/lib/gcc/arm-none-eabi/10.3.1/../../../arm-none-eabi/lib/thumb/v7e-m+fp/hard/libg_nano.a(lib_a-errno.o)
                              CMakeFiles/STMproject.dir/Core/Src/sysmem.c.obj (__errno)
/usr/lib/gcc/arm-none-eabi/10.3.1/../../../arm-none-eabi/lib/thumb/v7e-m+fp/hard/libg_nano.a(lib_a-exit.o)
                              /usr/lib/gcc/arm-none-eabi/10.3.1/../../../arm-none-eabi/lib/thumb/v7e-m+fp/hard/crt0.o (exit)
/usr/lib/gcc/arm-none-eabi/10.3.1/../../../arm-none-eabi/lib/thumb/v7e-m+fp/hard/libg_nano.a(lib_a-fini.o)
                              /usr/lib/gcc/arm-none-eabi/10.3.1/../../../arm-none-eabi/lib/thumb/v7e-m+fp/hard/crt0.o (__libc_fini_array)
/usr/lib/gcc/arm-none-eabi/10.3.1/../../../arm-none-eabi/lib/thumb/v7e-m+fp/hard/libg_nano.a(lib_a-impure.o)
                              /usr/lib/gcc/arm-none-eabi/10.3.1/../../../arm-none-eabi/lib/thumb/v7e-m+fp/hard/libg_nano.a(lib_a-exit.o) (_global_impure_ptr)
/usr/lib/gcc/arm-none-eabi/10.3.1/../../../arm-none-eabi/lib/thumb/v7e-m+fp/hard/libg_nano.a(lib_a-init.o)
                              /usr/lib/gcc/arm-none-eabi/10.3.1/../../../arm-none-eabi/lib/thumb/v7e-m+fp/hard/crt0.o (__libc_init_array)
/usr/lib/gcc/arm-none-eabi/10.3.1/../../../arm-none-eabi/lib/thumb/v7e-m+fp/hard/libg_nano.a(lib_a-memset.o)
                              /usr/lib/gcc/arm-none-eabi/10.3.1/../../../arm-none-eabi/lib/thumb/v7e-m+fp/hard/crt0.o (memset)
/usr/lib/gcc/arm-none-eabi/10.3.1/../../../arm-none-eabi/lib/thumb/v7e-m+fp/hard/libg_nano.a(lib_a-snprintf.o)
                              CMakeFiles/STMproject.dir/App/UI/Src/screen_function0.c.obj (snprintf)
/usr/lib/gcc/arm-none-eabi/10.3.1/../../../arm-none-eabi/lib/thumb/v7e-m+fp/hard/libg_nano.a(lib_a-strcmp.o)
                              CMakeFiles/STMproject.dir/Modules/TFT/Src/tft.c.obj (strcmp)
/usr/lib/gcc/arm-none-eabi/10.3.1/../../../arm-none-eabi/lib/thumb/v7e-m+fp/hard/libg_nano.a(lib_a-__atexit.o)
                              /usr/lib/gcc/arm-none-eabi/10.3.1/../../../arm-none-eabi/lib/thumb/v7e-m+fp/hard/libg_nano.a(lib_a-atexit.o) (__register_exitproc)
/usr/lib/gcc/arm-none-eabi/10.3.1/../../../arm-none-eabi/lib/thumb/v7e-m+fp/hard/libg_nano.a(lib_a-__call_atexit.o)
                              /usr/lib/gcc/arm-none-eabi/10.3.1/../../../arm-none-eabi/lib/thumb/v7e-m+fp/hard/libg_nano.a(lib_a-__atexit.o) (__call_exitprocs)
/usr/lib/gcc/arm-none-eabi/10.3.1/../../../arm-none-eabi/lib/thumb/v7e-m+fp/hard/libg_nano.a(lib_a-nano-svfprintf.o)
                              /usr/lib/gcc/arm-none-eabi/10.3.1/../../../arm-none-eabi/lib/thumb/v7e-m+fp/hard/libg_nano.a(lib_a-snprintf.o) (_svfprintf_r)
/usr/lib/gcc/arm-none-eabi/10.3.1/../../../arm-none-eabi/lib/thumb/v7e-m+fp/hard/libg_nano.a(lib_a-nano-vfprintf_i.o)
                              /usr/lib/gcc/arm-none-eabi/10.3.1/../../../arm-none-eabi/lib/thumb/v7e-m+fp/hard/libg_nano.a(lib_a-nano-svfprintf.o) (_printf_i)
/usr/lib/gcc/arm-none-eabi/10.3.1/../../../arm-none-eabi/lib/thumb/v7e-m+fp/hard/libg_nano.a(lib_a-memchr.o)
                              /usr/lib/gcc/arm-none-eabi/10.3.1/../../../arm-none-eabi/lib/thumb/v7e-m+fp/hard/libg_nano.a(lib_a-nano-svfprintf.o) (memchr)
/usr/lib/gcc/arm-none-eabi/10.3.1/../../../arm-none-eabi/lib/thumb/v7e-m+fp/hard/libg_nano.a(lib_a-memcpy.o)
                              /usr/lib/gcc/arm-none-eabi/10.3.1/../../../arm-none-eabi/lib/thumb/v7e-m+fp/hard/libg_nano.a(lib_a-nano-svfprintf.o) (memcpy)
/usr/lib/gcc/arm-none-eabi/10.3.1/../../../arm-none-eabi/lib/thumb/v7e-m+fp/hard/libg_nano.a(lib_a-memmove.o)
                              /usr/lib/gcc/arm-none-eabi/10.3.1/../../../arm-none-eabi/lib/thumb/v7e-m+fp/hard/libg_nano.a(lib_a-nano-svfprintf.o) (memmove)
/usr/lib/gcc/arm-none-eabi/10.3.1/../../../arm-none-eabi/lib/thumb/v7e-m+fp/hard/libg_nano.a(lib_a-nano-freer.o)
                              /usr/lib/gcc/arm-none-eabi/10.3.1/../../../arm-none-eabi/lib/thumb/v7e-m+fp/hard/libg_nano.a(lib_a-nano-svfprintf.o) (_free_r)
[...]
Memory Configuration

Name             Origin             Length             Attributes
RAM              0x0000000020000000 0x0000000000020000 xrw
FLASH            0x0000000008000000 0x0000000000080000 xr
*default*        0x0000000000000000 0xffffffffffffffff

Linker script and memory map

LOAD /usr/lib/gcc/arm-none-eabi/10.3.1/thumb/v7e-m+fp/hard/crti.o
LOAD /usr/lib/gcc/arm-none-eabi/10.3.1/thumb/v7e-m+fp/hard/crtbegin.o
LOAD /usr/lib/gcc/arm-none-eabi/10.3.1/../../../arm-none-eabi/lib/thumb/v7e-m+fp/hard/crt0.o
LOAD cmake/stm32cubemx/CMakeFiles/STM32_Drivers.dir/__/__/Core/Src/system_stm32f4xx.c.obj
LOAD cmake/stm32cubemx/CMakeFiles/STM32_Drivers.dir/__/__/Drivers/STM32F4xx_HAL_Driver/Src/stm32f4xx_hal_i2c.c.obj
LOAD cmake/stm32cubemx/CMakeFiles/STM32_Drivers.dir/__/__/Drivers/STM32F4xx_HAL_Driver/Src/stm32f4xx_hal_i2c_ex.c.obj
LOAD cmake/stm32cubemx/CMakeFiles/STM32_Drivers.dir/__/__/Drivers/STM32F4xx_HAL_Driver/Src/stm32f4xx_hal_rcc.c.obj
LOAD cmake/stm32cubemx/CMakeFiles/STM32_Drivers.dir/__/__/Drivers/STM32F4xx_HAL_Driver/Src/stm32f4xx_hal_rcc_ex.c.obj
LOAD cmake/stm32cubemx/CMakeFiles/STM32_Drivers.dir/__/__/Drivers/STM32F4xx_HAL_Driver/Src/stm32f4xx_hal_flash.c.obj
LOAD cmake/stm32cubemx/CMakeFiles/STM32_Drivers.dir/__/__/Drivers/STM32F4xx_HAL_Driver/Src/stm32f4xx_hal_flash_ex.c.obj
LOAD cmake/stm32cubemx/CMakeFiles/STM32_Drivers.dir/__/__/Drivers/STM32F4xx_HAL_Driver/Src/stm32f4xx_hal_flash_ramfunc.c.obj
LOAD cmake/stm32cubemx/CMakeFiles/STM32_Drivers.dir/__/__/Drivers/STM32F4xx_HAL_Driver/Src/stm32f4xx_hal_gpio.c.obj
LOAD cmake/stm32cubemx/CMakeFiles/STM32_Drivers.dir/__/__/Drivers/STM32F4xx_HAL_Driver/Src/stm32f4xx_hal_dma_ex.c.obj
LOAD cmake/stm32cubemx/CMakeFiles/STM32_Drivers.dir/__/__/Drivers/STM32F4xx_HAL_Driver/Src/stm32f4xx_hal_dma.c.obj
LOAD cmake/stm32cubemx/CMakeFiles/STM32_Drivers.dir/__/__/Drivers/STM32F4xx_HAL_Driver/Src/stm32f4xx_hal_pwr.c.obj
LOAD cmake/stm32cubemx/CMakeFiles/STM32_Drivers.dir/__/__/Drivers/STM32F4xx_HAL_Driver/Src/stm32f4xx_hal_pwr_ex.c.obj
LOAD cmake/stm32cubemx/CMakeFiles/STM32_Drivers.dir/__/__/Drivers/STM32F4xx_HAL_Driver/Src/stm32f4xx_hal_cortex.c.obj
LOAD cmake/stm32cubemx/CMakeFiles/STM32_Drivers.dir/__/__/Drivers/STM32F4xx_HAL_Driver/Src/stm32f4xx_hal.c.obj
LOAD cmake/stm32cubemx/CMakeFiles/STM32_Drivers.dir/__/__/Drivers/STM32F4xx_HAL_Driver/Src/stm32f4xx_hal_exti.c.obj
LOAD cmake/stm32cubemx/CMakeFiles/STM32_Drivers.dir/__/__/Drivers/STM32F4xx_HAL_Driver/Src/stm32f4xx_hal_spi.c.obj
LOAD CMakeFiles/STMproject.dir/Core/Src/main.c.obj
LOAD CMakeFiles/STMproject.dir/Core/Src/gpio.c.obj
LOAD CMakeFiles/STMproject.dir/Core/Src/i2c.c.obj
LOAD CMakeFiles/STMproject.dir/Core/Src/spi.c.obj
LOAD CMakeFiles/STMproject.dir/Core/Src/stm32f4xx_it.c.obj
LOAD CMakeFiles/STMproject.dir/Core/Src/stm32f4xx_hal_msp.c.obj
LOAD CMakeFiles/STMproject.dir/Core/Src/sysmem.c.obj
LOAD CMakeFiles/STMproject.dir/Core/Src/syscalls.c.obj
LOAD CMakeFiles/STMproject.dir/startup_stm32f411xe.s.obj
LOAD CMakeFiles/STMproject.dir/App/Src/app.c.obj
LOAD CMakeFiles/STMproject.dir/App/UI/Src/ui.c.obj
LOAD CMakeFiles/STMproject.dir/App/UI/Src/screen_function0.c.obj
LOAD CMakeFiles/STMproject.dir/App/UI/Src/screen_function1.c.obj
LOAD CMakeFiles/STMproject.dir/App/UI/Src/screen_function2.c.obj
LOAD CMakeFiles/STMproject.dir/App/UI/Src/screen_function3.c.obj
LOAD CMakeFiles/STMproject.dir/Modules/TFT/Src/tft.c.obj
LOAD CMakeFiles/STMproject.dir/Modules/DHT20/Src/dht20.c.obj
LOAD CMakeFiles/STMproject.dir/Modules/keypad/Src/keypad.c.obj
LOAD /usr/lib/gcc/arm-none-eabi/10.3.1/../../../arm-none-eabi/lib/thumb/v7e-m+fp/hard/libm.a
START GROUP
LOAD /usr/lib/gcc/arm-none-eabi/10.3.1/thumb/v7e-m+fp/hard/libgcc.a
LOAD /usr/lib/gcc/arm-none-eabi/10.3.1/../../../arm-none-eabi/lib/thumb/v7e-m+fp/hard/libg_nano.a
LOAD /usr/lib/gcc/arm-none-eabi/10.3.1/../../../arm-none-eabi/lib/thumb/v7e-m+fp/hard/libc_nano.a
END GROUP
START GROUP
LOAD /usr/lib/gcc/arm-none-eabi/10.3.1/thumb/v7e-m+fp/hard/libgcc.a
LOAD /usr/lib/gcc/arm-none-eabi/10.3.1/../../../arm-none-eabi/lib/thumb/v7e-m+fp/hard/libc_nano.a
END GROUP
LOAD /usr/lib/gcc/arm-none-eabi/10.3.1/thumb/v7e-m+fp/hard/crtend.o
LOAD /usr/lib/gcc/arm-none-eabi/10.3.1/thumb/v7e-m+fp/hard/crtn.o
                0x0000000020020000                _estack = (ORIGIN (RAM) + LENGTH (RAM))
                0x000000002001fc00                _sstack = (_estack - _Min_Stack_Size)
                0x0000000000000200                _Min_Heap_Size = 0x200
                0x0000000000000400                _Min_Stack_Size = 0x400

.isr_vector     0x0000000008000000      0x198
                0x0000000008000000                . = ALIGN (0x4)
 *(.isr_vector)
 .isr_vector    0x0000000008000000      0x198 CMakeFiles/STMproject.dir/startup_stm32f411xe.s.obj
                0x0000000008000000                g_pfnVectors
                0x0000000008000198                . = ALIGN (0x4)

.text           0x00000000080001a0     0x5428
                0x00000000080001a0                . = ALIGN (0x4)
 *(.text)
 .text          0x00000000080001a0       0x88 /usr/lib/gcc/arm-none-eabi/10.3.1/thumb/v7e-m+fp/hard/crtbegin.o
 .text          0x0000000008000228       0x30 /usr/lib/gcc/arm-none-eabi/10.3.1/thumb/v7e-m+fp/hard/libgcc.a(_aeabi_uldivmod.o)
                0x0000000008000228                __aeabi_uldivmod
 .text          0x0000000008000258      0x2d0 /usr/lib/gcc/arm-none-eabi/10.3.1/thumb/v7e-m+fp/hard/libgcc.a(_udivmoddi4.o)
                0x0000000008000258                __udivmoddi4
 .text          0x0000000008000528        0x4 /usr/lib/gcc/arm-none-eabi/10.3.1/thumb/v7e-m+fp/hard/libgcc.a(_dvmd_tls.o)
                0x0000000008000528                __aeabi_ldiv0
                0x0000000008000528                __aeabi_idiv0
 .text          0x000000000800052c        0xc /usr/lib/gcc/arm-none-eabi/10.3.1/../../../arm-none-eabi/lib/thumb/v7e-m+fp/hard/libg_nano.a(lib_a-errno.o)
                0x000000000800052c                __errno
 .text          0x0000000008000538       0x48 /usr/lib/gcc/arm-none-eabi/10.3.1/../../../arm-none-eabi/lib/thumb/v7e-m+fp/hard/libg_nano.a(lib_a-init.o)
                0x0000000008000538                __libc_init_array
 .text          0x0000000008000580       0xa4 /usr/lib/gcc/arm-none-eabi/10.3.1/../../../arm-none-eabi/lib/thumb/v7e-m+fp/hard/libg_nano.a(lib_a-memset.o)
                0x0000000008000580                memset
 .text          0x0000000008000624      0x108 /usr/lib/gcc/arm-none-eabi/10.3.1/../../../arm-none-eabi/lib/thumb/v7e-m+fp/hard/libg_nano.a(lib_a-snprintf.o)
                0x0000000008000624                _sniprintf_r
                0x0000000008000624                _snprintf_r
                0x00000000080006a4                snprintf
                0x00000000080006a4                sniprintf
 *fill*         0x000000000800072c       0x14 
 .text          0x0000000008000740      0x2dc /usr/lib/gcc/arm-none-eabi/10.3.1/../../../arm-none-eabi/lib/thumb/v7e-m+fp/hard/libg_nano.a(lib_a-strcmp.o)
                0x0000000008000748                strcmp
 .text          0x0000000008000a1c      0x3f0 /usr/lib/gcc/arm-none-eabi/10.3.1/../../../arm-none-eabi/lib/thumb/v7e-m+fp/hard/libg_nano.a(lib_a-nano-svfprintf.o)
                0x0000000008000a1c                __ssputs_r
                0x0000000008000ae0                __ssprint_r
                0x0000000008000bd8                _svfprintf_r
                0x0000000008000bd8                _svfiprintf_r
 .text          0x0000000008000e0c      0x3dc /usr/lib/gcc/arm-none-eabi/10.3.1/../../../arm-none-eabi/lib/thumb/v7e-m+fp/hard/libg_nano.a(lib_a-nano-vfprintf_i.o)
                0x0000000008000e0c                _printf_common
                0x0000000008000f38                _printf_i
 *fill*         0x00000000080011e8        0x8 
 .text          0x00000000080011f0       0xa0 /usr/lib/gcc/arm-none-eabi/10.3.1/../../../arm-none-eabi/lib/thumb/v7e-m+fp/hard/libg_nano.a(lib_a-memchr.o)
                0x00000000080011f0                memchr
 .text          0x0000000008001290      0x134 /usr/lib/gcc/arm-none-eabi/10.3.1/../../../arm-none-eabi/lib/thumb/v7e-m+fp/hard/libg_nano.a(lib_a-memcpy.o)
                0x0000000008001290                memcpy
 .text          0x00000000080013c4       0xf8 /usr/lib/gcc/arm-none-eabi/10.3.1/../../../arm-none-eabi/lib/thumb/v7e-m+fp/hard/libg_nano.a(lib_a-memmove.o)
                0x00000000080013c4                memmove
 .text          0x00000000080014bc       0xc4 /usr/lib/gcc/arm-none-eabi/10.3.1/../../../arm-none-eabi/lib/thumb/v7e-m+fp/hard/libg_nano.a(lib_a-nano-freer.o)
                0x00000000080014bc                _free_r
 .text          0x0000000008001580       0xb4 /usr/lib/gcc/arm-none-eabi/10.3.1/../../../arm-none-eabi/lib/thumb/v7e-m+fp/hard/libg_nano.a(lib_a-nano-mallocr.o)
                0x0000000008001580                _malloc_r
 .text          0x0000000008001634       0x50 /usr/lib/gcc/arm-none-eabi/10.3.1/../../../arm-none-eabi/lib/thumb/v7e-m+fp/hard/libg_nano.a(lib_a-nano-reallocr.o)
                0x0000000008001634                _realloc_r
 .text          0x0000000008001684       0x24 /usr/lib/gcc/arm-none-eabi/10.3.1/../../../arm-none-eabi/lib/thumb/v7e-m+fp/hard/libg_nano.a(lib_a-sbrkr.o)
                0x0000000008001684                _sbrk_r
 .text          0x00000000080016a8        0x8 /usr/lib/gcc/arm-none-eabi/10.3.1/../../../arm-none-eabi/lib/thumb/v7e-m+fp/hard/libg_nano.a(lib_a-mlock.o)
                0x00000000080016a8                __malloc_lock
                0x00000000080016ac                __malloc_unlock
 .text          0x00000000080016b0       0x14 /usr/lib/gcc/arm-none-eabi/10.3.1/../../../arm-none-eabi/lib/thumb/v7e-m+fp/hard/libg_nano.a(lib_a-nano-msizer.o)
                0x00000000080016b0                _malloc_usable_size_r
 *(.text*)
 .text.SystemInit
                0x00000000080016c4       0x24 cmake/stm32cubemx/CMakeFiles/STM32_Drivers.dir/__/__/Core/Src/system_stm32f4xx.c.obj
                0x00000000080016c4                SystemInit
 .text.HAL_I2C_Init
                0x00000000080016e8      0x288 cmake/stm32cubemx/CMakeFiles/STM32_Drivers.dir/__/__/Drivers/STM32F4xx_HAL_Driver/Src/stm32f4xx_hal_i2c.c.obj
                0x00000000080016e8                HAL_I2C_Init
 .text.HAL_I2C_Master_Transmit
                0x0000000008001970      0x1fc cmake/stm32cubemx/CMakeFiles/STM32_Drivers.dir/__/__/Drivers/STM32F4xx_HAL_Driver/Src/stm32f4xx_hal_i2c.c.obj
                0x0000000008001970                HAL_I2C_Master_Transmit
 .text.HAL_I2C_Master_Receive
                0x0000000008001b6c      0x464 cmake/stm32cubemx/CMakeFiles/STM32_Drivers.dir/__/__/Drivers/STM32F4xx_HAL_Driver/Src/stm32f4xx_hal_i2c.c.obj
                0x0000000008001b6c                HAL_I2C_Master_Receive
 .text.I2C_MasterRequestWrite
                0x0000000008001fd0      0x104 cmake/stm32cubemx/CMakeFiles/STM32_Drivers.dir/__/__/Drivers/STM32F4xx_HAL_Driver/Src/stm32f4xx_hal_i2c.c.obj
 .text.I2C_MasterRequestRead
                0x00000000080020d4      0x19c cmake/stm32cubemx/CMakeFiles/STM32_Drivers.dir/__/__/Drivers/STM32F4xx_HAL_Driver/Src/stm32f4xx_hal_i2c.c.obj
 .text.I2C_WaitOnFlagUntilTimeout
                0x0000000008002270       0xf4 cmake/stm32cubemx/CMakeFiles/STM32_Drivers.dir/__/__/Drivers/STM32F4xx_HAL_Driver/Src/stm32f4xx_hal_i2c.c.obj
 .text.I2C_WaitOnMasterAddressFlagUntilTimeout
                0x0000000008002364      0x140 cmake/stm32cubemx/CMakeFiles/STM32_Drivers.dir/__/__/Drivers/STM32F4xx_HAL_Driver/Src/stm32f4xx_hal_i2c.c.obj
 .text.I2C_WaitOnTXEFlagUntilTimeout
                0x00000000080024a4       0x90 cmake/stm32cubemx/CMakeFiles/STM32_Drivers.dir/__/__/Drivers/STM32F4xx_HAL_Driver/Src/stm32f4xx_hal_i2c.c.obj
 .text.I2C_WaitOnBTFFlagUntilTimeout
                0x0000000008002534       0x90 cmake/stm32cubemx/CMakeFiles/STM32_Drivers.dir/__/__/Drivers/STM32F4xx_HAL_Driver/Src/stm32f4xx_hal_i2c.c.obj
 .text.I2C_WaitOnRXNEFlagUntilTimeout
                0x00000000080025c4       0xba cmake/stm32cubemx/CMakeFiles/STM32_Drivers.dir/__/__/Drivers/STM32F4xx_HAL_Driver/Src/stm32f4xx_hal_i2c.c.obj
 .text.I2C_IsAcknowledgeFailed
                0x000000000800267e       0x5e cmake/stm32cubemx/CMakeFiles/STM32_Drivers.dir/__/__/Drivers/STM32F4xx_HAL_Driver/Src/stm32f4xx_hal_i2c.c.obj
 .text.HAL_RCC_OscConfig
                0x00000000080026dc      0x4f0 cmake/stm32cubemx/CMakeFiles/STM32_Drivers.dir/__/__/Drivers/STM32F4xx_HAL_Driver/Src/stm32f4xx_hal_rcc.c.obj
                0x00000000080026dc                HAL_RCC_OscConfig
 .text.HAL_RCC_ClockConfig
                0x0000000008002bcc      0x1cc cmake/stm32cubemx/CMakeFiles/STM32_Drivers.dir/__/__/Drivers/STM32F4xx_HAL_Driver/Src/stm32f4xx_hal_rcc.c.obj
                0x0000000008002bcc                HAL_RCC_ClockConfig
 .text.HAL_RCC_GetSysClockFreq
                0x0000000008002d98      0x18c cmake/stm32cubemx/CMakeFiles/STM32_Drivers.dir/__/__/Drivers/STM32F4xx_HAL_Driver/Src/stm32f4xx_hal_rcc.c.obj
                0x0000000008002d98                HAL_RCC_GetSysClockFreq
 .text.HAL_RCC_GetHCLKFreq
                0x0000000008002f24       0x18 cmake/stm32cubemx/CMakeFiles/STM32_Drivers.dir/__/__/Drivers/STM32F4xx_HAL_Driver/Src/stm32f4xx_hal_rcc.c.obj
                0x0000000008002f24                HAL_RCC_GetHCLKFreq
 .text.HAL_RCC_GetPCLK1Freq
                0x0000000008002f3c       0x28 cmake/stm32cubemx/CMakeFiles/STM32_Drivers.dir/__/__/Drivers/STM32F4xx_HAL_Driver/Src/stm32f4xx_hal_rcc.c.obj
                0x0000000008002f3c                HAL_RCC_GetPCLK1Freq
 .text.HAL_GPIO_Init
                0x0000000008002f64      0x308 cmake/stm32cubemx/CMakeFiles/STM32_Drivers.dir/__/__/Drivers/STM32F4xx_HAL_Driver/Src/stm32f4xx_hal_gpio.c.obj
                0x0000000008002f64                HAL_GPIO_Init
 .text.HAL_GPIO_ReadPin
                0x000000000800326c       0x30 cmake/stm32cubemx/CMakeFiles/STM32_Drivers.dir/__/__/Drivers/STM32F4xx_HAL_Driver/Src/stm32f4xx_hal_gpio.c.obj
                0x000000000800326c                HAL_GPIO_ReadPin
 .text.HAL_GPIO_WritePin
                0x000000000800329c       0x32 cmake/stm32cubemx/CMakeFiles/STM32_Drivers.dir/__/__/Drivers/STM32F4xx_HAL_Driver/Src/stm32f4xx_hal_gpio.c.obj
                0x000000000800329c                HAL_GPIO_WritePin
 .text.HAL_GPIO_TogglePin
                0x00000000080032ce       0x34 cmake/stm32cubemx/CMakeFiles/STM32_Drivers.dir/__/__/Drivers/STM32F4xx_HAL_Driver/Src/stm32f4xx_hal_gpio.c.obj
                0x00000000080032ce                HAL_GPIO_TogglePin
 *fill*         0x0000000008003302        0x2 
 .text.__NVIC_SetPriorityGrouping
                0x0000000008003304       0x48 cmake/stm32cubemx/CMakeFiles/STM32_Drivers.dir/__/__/Drivers/STM32F4xx_HAL_Driver/Src/stm32f4xx_hal_cortex.c.obj
 .text.__NVIC_GetPriorityGrouping
                0x000000000800334c       0x1c cmake/stm32cubemx/CMakeFiles/STM32_Drivers.dir/__/__/Drivers/STM32F4xx_HAL_Driver/Src/stm32f4xx_hal_cortex.c.obj
 .text.__NVIC_SetPriority
                0x0000000008003368       0x54 cmake/stm32cubemx/CMakeFiles/STM32_Drivers.dir/__/__/Drivers/STM32F4xx_HAL_Driver/Src/stm32f4xx_hal_cortex.c.obj
 .text.NVIC_EncodePriority
                0x00000000080033bc       0x66 cmake/stm32cubemx/CMakeFiles/STM32_Drivers.dir/__/__/Drivers/STM32F4xx_HAL_Driver/Src/stm32f4xx_hal_cortex.c.obj
 *fill*         0x0000000008003422        0x2 
 .text.SysTick_Config
                0x0000000008003424       0x44 cmake/stm32cubemx/CMakeFiles/STM32_Drivers.dir/__/__/Drivers/STM32F4xx_HAL_Driver/Src/stm32f4xx_hal_cortex.c.obj
 .text.HAL_NVIC_SetPriorityGrouping
                0x0000000008003468       0x16 cmake/stm32cubemx/CMakeFiles/STM32_Drivers.dir/__/__/Drivers/STM32F4xx_HAL_Driver/Src/stm32f4xx_hal_cortex.c.obj
                0x0000000008003468                HAL_NVIC_SetPriorityGrouping
 .text.HAL_NVIC_SetPriority
                0x000000000800347e       0x38 cmake/stm32cubemx/CMakeFiles/STM32_Drivers.dir/__/__/Drivers/STM32F4xx_HAL_Driver/Src/stm32f4xx_hal_cortex.c.obj
                0x000000000800347e                HAL_NVIC_SetPriority
 .text.HAL_SYSTICK_Config
                0x00000000080034b6       0x18 cmake/stm32cubemx/CMakeFiles/STM32_Drivers.dir/__/__/Drivers/STM32F4xx_HAL_Driver/Src/stm32f4xx_hal_cortex.c.obj
                0x00000000080034b6                HAL_SYSTICK_Config
 *fill*         0x00000000080034ce        0x2 
 .text.HAL_Init
                0x00000000080034d0       0x44 cmake/stm32cubemx/CMakeFiles/STM32_Drivers.dir/__/__/Drivers/STM32F4xx_HAL_Driver/Src/stm32f4xx_hal.c.obj
                0x00000000080034d0                HAL_Init
 .text.HAL_InitTick
                0x0000000008003514       0x60 cmake/stm32cubemx/CMakeFiles/STM32_Drivers.dir/__/__/Drivers/STM32F4xx_HAL_Driver/Src/stm32f4xx_hal.c.obj
                0x0000000008003514                HAL_InitTick
 .text.HAL_IncTick
                0x0000000008003574       0x28 cmake/stm32cubemx/CMakeFiles/STM32_Drivers.dir/__/__/Drivers/STM32F4xx_HAL_Driver/Src/stm32f4xx_hal.c.obj
                0x0000000008003574                HAL_IncTick
 .text.HAL_GetTick
                0x000000000800359c       0x18 cmake/stm32cubemx/CMakeFiles/STM32_Drivers.dir/__/__/Drivers/STM32F4xx_HAL_Driver/Src/stm32f4xx_hal.c.obj
                0x000000000800359c                HAL_GetTick
 .text.HAL_Delay
                0x00000000080035b4       0x48 cmake/stm32cubemx/CMakeFiles/STM32_Drivers.dir/__/__/Drivers/STM32F4xx_HAL_Driver/Src/stm32f4xx_hal.c.obj
                0x00000000080035b4                HAL_Delay
 .text.HAL_SPI_Init
                0x00000000080035fc      0x112 cmake/stm32cubemx/CMakeFiles/STM32_Drivers.dir/__/__/Drivers/STM32F4xx_HAL_Driver/Src/stm32f4xx_hal_spi.c.obj
                0x00000000080035fc                HAL_SPI_Init
 .text.HAL_SPI_Transmit
                0x000000000800370e      0x288 cmake/stm32cubemx/CMakeFiles/STM32_Drivers.dir/__/__/Drivers/STM32F4xx_HAL_Driver/Src/stm32f4xx_hal_spi.c.obj
                0x000000000800370e                HAL_SPI_Transmit
 *fill*         0x0000000008003996        0x2 
 .text.SPI_WaitFlagStateUntilTimeout
                0x0000000008003998      0x110 cmake/stm32cubemx/CMakeFiles/STM32_Drivers.dir/__/__/Drivers/STM32F4xx_HAL_Driver/Src/stm32f4xx_hal_spi.c.obj
 .text.SPI_EndRxTxTransaction
                0x0000000008003aa8       0xa8 cmake/stm32cubemx/CMakeFiles/STM32_Drivers.dir/__/__/Drivers/STM32F4xx_HAL_Driver/Src/stm32f4xx_hal_spi.c.obj
 .text.main     0x0000000008003b50       0x22 CMakeFiles/STMproject.dir/Core/Src/main.c.obj
                0x0000000008003b50                main
 *fill*         0x0000000008003b72        0x2 
 .text.SystemClock_Config
                0x0000000008003b74       0xbc CMakeFiles/STMproject.dir/Core/Src/main.c.obj
                0x0000000008003b74                SystemClock_Config
 .text.Error_Handler
                0x0000000008003c30        0xa CMakeFiles/STMproject.dir/Core/Src/main.c.obj
                0x0000000008003c30                Error_Handler
 *fill*         0x0000000008003c3a        0x2 
 .text.MX_GPIO_Init
                0x0000000008003c3c       0xd0 CMakeFiles/STMproject.dir/Core/Src/gpio.c.obj
                0x0000000008003c3c                MX_GPIO_Init
 .text.MX_I2C1_Init
                0x0000000008003d0c       0x5c CMakeFiles/STMproject.dir/Core/Src/i2c.c.obj
                0x0000000008003d0c                MX_I2C1_Init
 .text.HAL_I2C_MspInit
                0x0000000008003d68       0x90 CMakeFiles/STMproject.dir/Core/Src/i2c.c.obj
                0x0000000008003d68                HAL_I2C_MspInit
 .text.MX_SPI1_Init
                0x0000000008003df8       0x6c CMakeFiles/STMproject.dir/Core/Src/spi.c.obj
                0x0000000008003df8                MX_SPI1_Init
 .text.HAL_SPI_MspInit
                0x0000000008003e64       0x90 CMakeFiles/STMproject.dir/Core/Src/spi.c.obj
                0x0000000008003e64                HAL_SPI_MspInit
 .text.NMI_Handler
                0x0000000008003ef4        0x6 CMakeFiles/STMproject.dir/Core/Src/stm32f4xx_it.c.obj
                0x0000000008003ef4                NMI_Handler
 .text.HardFault_Handler
                0x0000000008003efa        0x6 CMakeFiles/STMproject.dir/Core/Src/stm32f4xx_it.c.obj
                0x0000000008003efa                HardFault_Handler
 .text.MemManage_Handler
                0x0000000008003f00        0x6 CMakeFiles/STMproject.dir/Core/Src/stm32f4xx_it.c.obj
                0x0000000008003f00                MemManage_Handler
 .text.BusFault_Handler
                0x0000000008003f06        0x6 CMakeFiles/STMproject.dir/Core/Src/stm32f4xx_it.c.obj
                0x0000000008003f06                BusFault_Handler
 .text.UsageFault_Handler
                0x0000000008003f0c        0x6 CMakeFiles/STMproject.dir/Core/Src/stm32f4xx_it.c.obj
                0x0000000008003f0c                UsageFault_Handler
 .text.SVC_Handler
                0x0000000008003f12        0xe CMakeFiles/STMproject.dir/Core/Src/stm32f4xx_it.c.obj
                0x0000000008003f12                SVC_Handler
 .text.DebugMon_Handler
                0x0000000008003f20        0xe CMakeFiles/STMproject.dir/Core/Src/stm32f4xx_it.c.obj
                0x0000000008003f20                DebugMon_Handler
 .text.PendSV_Handler
                0x0000000008003f2e        0xe CMakeFiles/STMproject.dir/Core/Src/stm32f4xx_it.c.obj
                0x0000000008003f2e                PendSV_Handler
 .text.SysTick_Handler
                0x0000000008003f3c        0xc CMakeFiles/STMproject.dir/Core/Src/stm32f4xx_it.c.obj
                0x0000000008003f3c                SysTick_Handler
 .text.HAL_MspInit
                0x0000000008003f48       0x50 CMakeFiles/STMproject.dir/Core/Src/stm32f4xx_hal_msp.c.obj
                0x0000000008003f48                HAL_MspInit
 .text._sbrk    0x0000000008003f98       0x6c CMakeFiles/STMproject.dir/Core/Src/sysmem.c.obj
                0x0000000008003f98                _sbrk
 .text.Reset_Handler
                0x0000000008004004       0x50 CMakeFiles/STMproject.dir/startup_stm32f411xe.s.obj
                0x0000000008004004                Reset_Handler
 .text.Default_Handler
                0x0000000008004054        0x2 CMakeFiles/STMproject.dir/startup_stm32f411xe.s.obj
                0x0000000008004054                RTC_Alarm_IRQHandler
                0x0000000008004054                EXTI2_IRQHandler
                0x0000000008004054                SPI4_IRQHandler
                0x0000000008004054                TIM1_CC_IRQHandler
                0x0000000008004054                DMA2_Stream5_IRQHandler
                0x0000000008004054                DMA1_Stream5_IRQHandler
                0x0000000008004054                PVD_IRQHandler
                0x0000000008004054                SDIO_IRQHandler
                0x0000000008004054                TAMP_STAMP_IRQHandler
                0x0000000008004054                EXTI3_IRQHandler
                0x0000000008004054                TIM1_UP_TIM10_IRQHandler
                0x0000000008004054                I2C3_ER_IRQHandler
                0x0000000008004054                EXTI0_IRQHandler
                0x0000000008004054                I2C2_EV_IRQHandler
                0x0000000008004054                DMA1_Stream2_IRQHandler
                0x0000000008004054                FPU_IRQHandler
                0x0000000008004054                DMA2_Stream2_IRQHandler
                0x0000000008004054                SPI1_IRQHandler
                0x0000000008004054                TIM1_BRK_TIM9_IRQHandler
                0x0000000008004054                DMA2_Stream3_IRQHandler
                0x0000000008004054                USART6_IRQHandler
                0x0000000008004054                DMA2_Stream0_IRQHandler
                0x0000000008004054                TIM4_IRQHandler
                0x0000000008004054                I2C1_EV_IRQHandler
                0x0000000008004054                DMA1_Stream6_IRQHandler
                0x0000000008004054                DMA1_Stream1_IRQHandler
                0x0000000008004054                TIM3_IRQHandler
                0x0000000008004054                RCC_IRQHandler
                0x0000000008004054                Default_Handler
                0x0000000008004054                EXTI15_10_IRQHandler
                0x0000000008004054                ADC_IRQHandler
                0x0000000008004054                DMA1_Stream7_IRQHandler
                0x0000000008004054                SPI5_IRQHandler
                0x0000000008004054                TIM5_IRQHandler
                0x0000000008004054                DMA2_Stream7_IRQHandler
                0x0000000008004054                I2C3_EV_IRQHandler
                0x0000000008004054                EXTI9_5_IRQHandler
                0x0000000008004054                RTC_WKUP_IRQHandler
                0x0000000008004054                SPI2_IRQHandler
                0x0000000008004054                DMA1_Stream0_IRQHandler
                0x0000000008004054                EXTI4_IRQHandler
                0x0000000008004054                WWDG_IRQHandler
                0x0000000008004054                TIM2_IRQHandler
                0x0000000008004054                OTG_FS_WKUP_IRQHandler
                0x0000000008004054                TIM1_TRG_COM_TIM11_IRQHandler
                0x0000000008004054                EXTI1_IRQHandler
                0x0000000008004054                USART2_IRQHandler
                0x0000000008004054                I2C2_ER_IRQHandler
                0x0000000008004054                DMA2_Stream1_IRQHandler
                0x0000000008004054                FLASH_IRQHandler
                0x0000000008004054                DMA2_Stream4_IRQHandler
                0x0000000008004054                USART1_IRQHandler
                0x0000000008004054                OTG_FS_IRQHandler
                0x0000000008004054                SPI3_IRQHandler
                0x0000000008004054                DMA1_Stream4_IRQHandler
                0x0000000008004054                I2C1_ER_IRQHandler
                0x0000000008004054                DMA2_Stream6_IRQHandler
                0x0000000008004054                DMA1_Stream3_IRQHandler
 *fill*         0x0000000008004056        0x2 
 .text.App_SensorError
                0x0000000008004058       0x24 CMakeFiles/STMproject.dir/App/Src/app.c.obj
 .text.App_SensorTask
                0x000000000800407c      0x11c CMakeFiles/STMproject.dir/App/Src/app.c.obj
 .text.App_Init
                0x0000000008004198       0x60 CMakeFiles/STMproject.dir/App/Src/app.c.obj
                0x0000000008004198                App_Init
 .text.App_Process
                0x00000000080041f8       0x78 CMakeFiles/STMproject.dir/App/Src/app.c.obj
                0x00000000080041f8                App_Process
 .text.UI_Text  0x0000000008004270       0x2c CMakeFiles/STMproject.dir/App/UI/Src/ui.c.obj
                0x0000000008004270                UI_Text
 .text.UI_Open  0x000000000800429c       0x2c CMakeFiles/STMproject.dir/App/UI/Src/ui.c.obj
 .text.UI_Init  0x00000000080042c8       0x20 CMakeFiles/STMproject.dir/App/UI/Src/ui.c.obj
                0x00000000080042c8                UI_Init
 .text.UI_HandleKey
                0x00000000080042e8       0x64 CMakeFiles/STMproject.dir/App/UI/Src/ui.c.obj
                0x00000000080042e8                UI_HandleKey
 .text.UI_DataChanged
                0x000000000800434c       0x28 CMakeFiles/STMproject.dir/App/UI/Src/ui.c.obj
                0x000000000800434c                UI_DataChanged
 .text.value_at
                0x0000000008004374       0xc4 CMakeFiles/STMproject.dir/App/UI/Src/screen_function0.c.obj
 .text.render   0x0000000008004438       0xc8 CMakeFiles/STMproject.dir/App/UI/Src/screen_function0.c.obj
 .text.value_at
                0x0000000008004500       0xc4 CMakeFiles/STMproject.dir/App/UI/Src/screen_function1.c.obj
 .text.render   0x00000000080045c4       0xc8 CMakeFiles/STMproject.dir/App/UI/Src/screen_function1.c.obj
 .text.value_at
                0x000000000800468c       0xc4 CMakeFiles/STMproject.dir/App/UI/Src/screen_function2.c.obj
 .text.render   0x0000000008004750       0xc8 CMakeFiles/STMproject.dir/App/UI/Src/screen_function2.c.obj
 .text.value_at
                0x0000000008004818       0xc4 CMakeFiles/STMproject.dir/App/UI/Src/screen_function3.c.obj
 .text.render   0x00000000080048dc       0xc8 CMakeFiles/STMproject.dir/App/UI/Src/screen_function3.c.obj
 .text.TFT_Send
                0x00000000080049a4       0x30 CMakeFiles/STMproject.dir/Modules/TFT/Src/tft.c.obj
 .text.TFT_Command
                0x00000000080049d4       0x2c CMakeFiles/STMproject.dir/Modules/TFT/Src/tft.c.obj
 .text.TFT_Data
                0x0000000008004a00       0x2c CMakeFiles/STMproject.dir/Modules/TFT/Src/tft.c.obj
 .text.TFT_SetWindow
                0x0000000008004a2c       0x90 CMakeFiles/STMproject.dir/Modules/TFT/Src/tft.c.obj
 .text.TFT_Init
                0x0000000008004abc       0xb4 CMakeFiles/STMproject.dir/Modules/TFT/Src/tft.c.obj
                0x0000000008004abc                TFT_Init
 .text.TFT_FillScreen
                0x0000000008004b70       0xaa CMakeFiles/STMproject.dir/Modules/TFT/Src/tft.c.obj
                0x0000000008004b70                TFT_FillScreen
 *fill*         0x0000000008004c1a        0x2 
 .text.mark_rows
                0x0000000008004c1c       0x40 CMakeFiles/STMproject.dir/Modules/TFT/Src/tft.c.obj
 .text.TFT_SetText
                0x0000000008004c5c      0x12c CMakeFiles/STMproject.dir/Modules/TFT/Src/tft.c.obj
                0x0000000008004c5c                TFT_SetText
 .text.TFT_ClearScene
                0x0000000008004d88       0x30 CMakeFiles/STMproject.dir/Modules/TFT/Src/tft.c.obj
                0x0000000008004d88                TFT_ClearScene
 .text.blend    0x0000000008004db8       0xc8 CMakeFiles/STMproject.dir/Modules/TFT/Src/tft.c.obj
 .text.TFT_Process
                0x0000000008004e80      0x2a8 CMakeFiles/STMproject.dir/Modules/TFT/Src/tft.c.obj
                0x0000000008004e80                TFT_Process
 .text.DHT20_CRC8
                0x0000000008005128       0x6e CMakeFiles/STMproject.dir/Modules/DHT20/Src/dht20.c.obj
 *fill*         0x0000000008005196        0x2 
 .text.DHT20_CheckReady
                0x0000000008005198       0x48 CMakeFiles/STMproject.dir/Modules/DHT20/Src/dht20.c.obj
                0x0000000008005198                DHT20_CheckReady
 .text.DHT20_StartMeasurement
                0x00000000080051e0       0x44 CMakeFiles/STMproject.dir/Modules/DHT20/Src/dht20.c.obj
                0x00000000080051e0                DHT20_StartMeasurement
 .text.DHT20_ReadResult
                0x0000000008005224       0xdc CMakeFiles/STMproject.dir/Modules/DHT20/Src/dht20.c.obj
                0x0000000008005224                DHT20_ReadResult
 .text.Keypad_Settle
                0x0000000008005300       0x48 CMakeFiles/STMproject.dir/Modules/keypad/Src/keypad.c.obj
 .text.Keypad_ScanRaw
                0x0000000008005348       0xec CMakeFiles/STMproject.dir/Modules/keypad/Src/keypad.c.obj
 .text.Keypad_Init
                0x0000000008005434       0xec CMakeFiles/STMproject.dir/Modules/keypad/Src/keypad.c.obj
                0x0000000008005434                Keypad_Init
 .text.Keypad_GetKey
                0x0000000008005520       0x90 CMakeFiles/STMproject.dir/Modules/keypad/Src/keypad.c.obj
                0x0000000008005520                Keypad_GetKey
 *(.glue_7)
 .glue_7        0x00000000080055b0        0x0 linker stubs
 *(.glue_7t)
 .glue_7t       0x00000000080055b0        0x0 linker stubs
 *(.eh_frame)
 .eh_frame      0x00000000080055b0        0x0 /usr/lib/gcc/arm-none-eabi/10.3.1/thumb/v7e-m+fp/hard/crtbegin.o
 *(.init)
 .init          0x00000000080055b0        0x4 /usr/lib/gcc/arm-none-eabi/10.3.1/thumb/v7e-m+fp/hard/crti.o
                0x00000000080055b0                _init
 .init          0x00000000080055b4        0x8 /usr/lib/gcc/arm-none-eabi/10.3.1/thumb/v7e-m+fp/hard/crtn.o
 *(.fini)
 .fini          0x00000000080055bc        0x4 /usr/lib/gcc/arm-none-eabi/10.3.1/thumb/v7e-m+fp/hard/crti.o
                0x00000000080055bc                _fini
 .fini          0x00000000080055c0        0x8 /usr/lib/gcc/arm-none-eabi/10.3.1/thumb/v7e-m+fp/hard/crtn.o
                0x00000000080055c8                . = ALIGN (0x4)
                0x00000000080055c8                _etext = .

.vfp11_veneer   0x00000000080055c8        0x0
 .vfp11_veneer  0x00000000080055c8        0x0 linker stubs

.v4_bx          0x00000000080055c8        0x0
 .v4_bx         0x00000000080055c8        0x0 linker stubs

.iplt           0x00000000080055c8        0x0
 .iplt          0x00000000080055c8        0x0 /usr/lib/gcc/arm-none-eabi/10.3.1/thumb/v7e-m+fp/hard/crtbegin.o

.rodata         0x00000000080055c8     0xa838
                0x00000000080055c8                . = ALIGN (0x4)
 *(.rodata)
 .rodata        0x00000000080055c8       0x4b CMakeFiles/STMproject.dir/App/UI/Src/screen_function0.c.obj
 *fill*         0x0000000008005613        0x1 
 .rodata        0x0000000008005614       0x4b CMakeFiles/STMproject.dir/App/UI/Src/screen_function1.c.obj
 *fill*         0x000000000800565f        0x1 
 .rodata        0x0000000008005660       0x4b CMakeFiles/STMproject.dir/App/UI/Src/screen_function2.c.obj
 *fill*         0x00000000080056ab        0x1 
 .rodata        0x00000000080056ac       0x4b CMakeFiles/STMproject.dir/App/UI/Src/screen_function3.c.obj
 *fill*         0x00000000080056f7        0x1 
 .rodata        0x00000000080056f8        0x3 CMakeFiles/STMproject.dir/Modules/DHT20/Src/dht20.c.obj
 *(.rodata*)
 *fill*         0x00000000080056fb        0x1 
 .rodata.AHBPrescTable
                0x00000000080056fc       0x10 cmake/stm32cubemx/CMakeFiles/STM32_Drivers.dir/__/__/Core/Src/system_stm32f4xx.c.obj
                0x00000000080056fc                AHBPrescTable
 .rodata.APBPrescTable
                0x000000000800570c        0x8 cmake/stm32cubemx/CMakeFiles/STM32_Drivers.dir/__/__/Core/Src/system_stm32f4xx.c.obj
                0x000000000800570c                APBPrescTable
 .rodata.screens
                0x0000000008005714       0x10 CMakeFiles/STMproject.dir/App/UI/Src/ui.c.obj
 .rodata.screen_function0
                0x0000000008005724        0x8 CMakeFiles/STMproject.dir/App/UI/Src/screen_function0.c.obj
                0x0000000008005724                screen_function0
 .rodata.screen_function1
                0x000000000800572c        0x8 CMakeFiles/STMproject.dir/App/UI/Src/screen_function1.c.obj
                0x000000000800572c                screen_function1
 .rodata.screen_function2
                0x0000000008005734        0x8 CMakeFiles/STMproject.dir/App/UI/Src/screen_function2.c.obj
                0x0000000008005734                screen_function2
 .rodata.screen_function3
                0x000000000800573c        0x8 CMakeFiles/STMproject.dir/App/UI/Src/screen_function3.c.obj
                0x000000000800573c                screen_function3
 .rodata.smooth_font
                0x0000000008005744     0xa640 CMakeFiles/STMproject.dir/Modules/TFT/Src/tft.c.obj
 .rodata.row_ports
                0x000000000800fd84       0x10 CMakeFiles/STMproject.dir/Modules/keypad/Src/keypad.c.obj
 .rodata.row_pins
                0x000000000800fd94        0x8 CMakeFiles/STMproject.dir/Modules/keypad/Src/keypad.c.obj
 .rodata.col_ports
                0x000000000800fd9c       0x10 CMakeFiles/STMproject.dir/Modules/keypad/Src/keypad.c.obj
 .rodata.col_pins
                0x000000000800fdac        0x8 CMakeFiles/STMproject.dir/Modules/keypad/Src/keypad.c.obj
 .rodata.keymap
                0x000000000800fdb4       0x10 CMakeFiles/STMproject.dir/Modules/keypad/Src/keypad.c.obj
 .rodata.str1.4
                0x000000000800fdc4       0x13 /usr/lib/gcc/arm-none-eabi/10.3.1/../../../arm-none-eabi/lib/thumb/v7e-m+fp/hard/libg_nano.a(lib_a-nano-svfprintf.o)
 *fill*         0x000000000800fdd7        0x1 
 .rodata.str1.4
                0x000000000800fdd8       0x25 /usr/lib/gcc/arm-none-eabi/10.3.1/../../../arm-none-eabi/lib/thumb/v7e-m+fp/hard/libg_nano.a(lib_a-nano-vfprintf_i.o)
                0x000000000800fe00                . = ALIGN (0x4)
 *fill*         0x000000000800fdfd        0x3 

.ARM.extab      0x000000000800fe00        0x0
                0x000000000800fe00                . = ALIGN (0x4)
 *(.ARM.extab* .gnu.linkonce.armextab.*)
                0x000000000800fe00                . = ALIGN (0x4)

.ARM            0x000000000800fe00        0x8
                0x000000000800fe00                . = ALIGN (0x4)
                0x000000000800fe00                __exidx_start = .
 *(.ARM.exidx*)
 .ARM.exidx     0x000000000800fe00        0x8 /usr/lib/gcc/arm-none-eabi/10.3.1/thumb/v7e-m+fp/hard/libgcc.a(_udivmoddi4.o)
                0x000000000800fe08                __exidx_end = .
                0x000000000800fe08                . = ALIGN (0x4)

.preinit_array  0x000000000800fe08        0x0
                0x000000000800fe08                . = ALIGN (0x4)
                0x000000000800fe08                PROVIDE (__preinit_array_start = .)
 *(.preinit_array*)
                0x000000000800fe08                PROVIDE (__preinit_array_end = .)
                0x000000000800fe08                . = ALIGN (0x4)

.init_array     0x000000000800fe08        0x4
                0x000000000800fe08                . = ALIGN (0x4)
                0x000000000800fe08                PROVIDE (__init_array_start = .)
 *(SORT_BY_NAME(.init_array.*))
 *(.init_array*)
 .init_array    0x000000000800fe08        0x4 /usr/lib/gcc/arm-none-eabi/10.3.1/thumb/v7e-m+fp/hard/crtbegin.o
                0x000000000800fe0c                PROVIDE (__init_array_end = .)
                0x000000000800fe0c                . = ALIGN (0x4)

.fini_array     0x000000000800fe0c        0x4
                0x000000000800fe0c                . = ALIGN (0x4)
                0x000000000800fe0c                PROVIDE (__fini_array_start = .)
 *(SORT_BY_NAME(.fini_array.*))
 *(.fini_array*)
 .fini_array    0x000000000800fe0c        0x4 /usr/lib/gcc/arm-none-eabi/10.3.1/thumb/v7e-m+fp/hard/crtbegin.o
                0x000000000800fe10                PROVIDE (__fini_array_end = .)
                0x000000000800fe10                . = ALIGN (0x4)
                0x000000000800fe10                _sidata = LOADADDR (.data)

.rel.dyn        0x000000000800fe10        0x0
 .rel.iplt      0x000000000800fe10        0x0 /usr/lib/gcc/arm-none-eabi/10.3.1/thumb/v7e-m+fp/hard/crtbegin.o

.data           0x0000000020000000       0x70 load address 0x000000000800fe10
                0x0000000020000000                . = ALIGN (0x4)
                0x0000000020000000                _sdata = .
 *(.data)
 .data          0x0000000020000000       0x64 /usr/lib/gcc/arm-none-eabi/10.3.1/../../../arm-none-eabi/lib/thumb/v7e-m+fp/hard/libg_nano.a(lib_a-impure.o)
                0x0000000020000000                _impure_ptr
 *(.data*)
 .data.SystemCoreClock
                0x0000000020000064        0x4 cmake/stm32cubemx/CMakeFiles/STM32_Drivers.dir/__/__/Core/Src/system_stm32f4xx.c.obj
                0x0000000020000064                SystemCoreClock
 .data.uwTickPrio
                0x0000000020000068        0x4 cmake/stm32cubemx/CMakeFiles/STM32_Drivers.dir/__/__/Drivers/STM32F4xx_HAL_Driver/Src/stm32f4xx_hal.c.obj
                0x0000000020000068                uwTickPrio
 .data.uwTickFreq
                0x000000002000006c        0x1 cmake/stm32cubemx/CMakeFiles/STM32_Drivers.dir/__/__/Drivers/STM32F4xx_HAL_Driver/Src/stm32f4xx_hal.c.obj
                0x000000002000006c                uwTickFreq
 *(.RamFunc)
 *(.RamFunc*)
                0x0000000020000070                . = ALIGN (0x4)
 *fill*         0x000000002000006d        0x3 

.tm_clone_table
                0x0000000020000070        0x0 load address 0x000000000800fe80
 .tm_clone_table
                0x0000000020000070        0x0 /usr/lib/gcc/arm-none-eabi/10.3.1/thumb/v7e-m+fp/hard/crtbegin.o
 .tm_clone_table
                0x0000000020000070        0x0 /usr/lib/gcc/arm-none-eabi/10.3.1/thumb/v7e-m+fp/hard/crtend.o

.igot.plt       0x0000000020000070        0x0 load address 0x000000000800fe80
 .igot.plt      0x0000000020000070        0x0 /usr/lib/gcc/arm-none-eabi/10.3.1/thumb/v7e-m+fp/hard/crtbegin.o

.tdata          0x0000000020000070        0x0 load address 0x000000000800fe80
 *(.tdata .tdata.* .gnu.linkonce.td.*)
                0x0000000020000070                . = ALIGN (0x4)
                0x0000000020000070                _edata = .
                [!provide]                        PROVIDE (__data_end = .)
                [!provide]                        PROVIDE (__tdata_end = .)
                [!provide]                        PROVIDE (__tdata_start = ADDR (.tdata))
                [!provide]                        PROVIDE (__tdata_size = (__tdata_end - __tdata_start))
                [!provide]                        PROVIDE (__data_start = ADDR (.data))
                [!provide]                        PROVIDE (__data_size = (__data_end - __data_start))
                [!provide]                        PROVIDE (__tdata_source = LOADADDR (.tdata))
                [!provide]                        PROVIDE (__tdata_source_end = (LOADADDR (.tdata) + SIZEOF (.tdata)))
                [!provide]                        PROVIDE (__tdata_source_size = (__tdata_source_end - __tdata_source))
                [!provide]                        PROVIDE (__data_source = LOADADDR (.data))
                [!provide]                        PROVIDE (__data_source_end = __tdata_source_end)
                [!provide]                        PROVIDE (__data_source_size = (__data_source_end - __data_source))

.tbss           0x0000000020000070        0x0 load address 0x000000000800fe80
                0x0000000020000070                _sbss = .
                0x0000000020000070                __bss_start__ = _sbss
 *(.tbss .tbss.*)
                0x0000000020000070                . = ALIGN (0x4)
                [!provide]                        PROVIDE (__tbss_end = .)
                [!provide]                        PROVIDE (__tbss_start = ADDR (.tbss))
                [!provide]                        PROVIDE (__tbss_size = (__tbss_end - __tbss_start))
                [!provide]                        PROVIDE (__tbss_offset = (ADDR (.tbss) - ADDR (.tdata)))
                [!provide]                        PROVIDE (__tls_base = __tdata_start)
                [!provide]                        PROVIDE (__tls_end = __tbss_end)
                [!provide]                        PROVIDE (__tls_size = (__tls_end - __tls_base))
                [!provide]                        PROVIDE (__tls_align = MAX (ALIGNOF (.tdata), ALIGNOF (.tbss)))
                [!provide]                        PROVIDE (__tls_size_align = (((__tls_size + __tls_align) - 0x1) & ~ ((__tls_align - 0x1))))
                [!provide]                        PROVIDE (__arm32_tls_tcb_offset = MAX (0x8, __tls_align))
                [!provide]                        PROVIDE (__arm64_tls_tcb_offset = MAX (0x10, __tls_align))

.bss            0x0000000020000070      0x480 load address 0x000000000800fe80
 *(.bss)
 .bss           0x0000000020000070       0x1c /usr/lib/gcc/arm-none-eabi/10.3.1/thumb/v7e-m+fp/hard/crtbegin.o
 .bss           0x000000002000008c        0x8 /usr/lib/gcc/arm-none-eabi/10.3.1/../../../arm-none-eabi/lib/thumb/v7e-m+fp/hard/libg_nano.a(lib_a-nano-mallocr.o)
                0x000000002000008c                __malloc_free_list
                0x0000000020000090                __malloc_sbrk_start
 .bss           0x0000000020000094        0x4 /usr/lib/gcc/arm-none-eabi/10.3.1/../../../arm-none-eabi/lib/thumb/v7e-m+fp/hard/libg_nano.a(lib_a-reent.o)
                0x0000000020000094                errno
 *(.bss*)
 .bss.uwTick    0x0000000020000098        0x4 cmake/stm32cubemx/CMakeFiles/STM32_Drivers.dir/__/__/Drivers/STM32F4xx_HAL_Driver/Src/stm32f4xx_hal.c.obj
                0x0000000020000098                uwTick
 .bss.hi2c1     0x000000002000009c       0x54 CMakeFiles/STMproject.dir/Core/Src/i2c.c.obj
                0x000000002000009c                hi2c1
 .bss.hspi1     0x00000000200000f0       0x58 CMakeFiles/STMproject.dir/Core/Src/spi.c.obj
                0x00000000200000f0                hspi1
 .bss.__sbrk_heap_end
                0x0000000020000148        0x4 CMakeFiles/STMproject.dir/Core/Src/sysmem.c.obj
 .bss.last_led  0x000000002000014c        0x4 CMakeFiles/STMproject.dir/App/Src/app.c.obj
 .bss.last_key_scan
                0x0000000020000150        0x4 CMakeFiles/STMproject.dir/App/Src/app.c.obj
 .bss.last_measurement
                0x0000000020000154        0x4 CMakeFiles/STMproject.dir/App/Src/app.c.obj
 .bss.phase_started
                0x0000000020000158        0x4 CMakeFiles/STMproject.dir/App/Src/app.c.obj
 .bss.last_poll
                0x000000002000015c        0x4 CMakeFiles/STMproject.dir/App/Src/app.c.obj
 .bss.sensor_phase
                0x0000000020000160        0x1 CMakeFiles/STMproject.dir/App/Src/app.c.obj
 *fill*         0x0000000020000161        0x3 
 .bss.model     0x0000000020000164        0xc CMakeFiles/STMproject.dir/App/Src/app.c.obj
 .bss.current   0x0000000020000170        0x4 CMakeFiles/STMproject.dir/App/UI/Src/ui.c.obj
 .bss.elements  0x0000000020000174      0x280 CMakeFiles/STMproject.dir/Modules/TFT/Src/tft.c.obj
 .bss.dirty_rows
                0x00000000200003f4       0xf0 CMakeFiles/STMproject.dir/Modules/TFT/Src/tft.c.obj
 .bss.next_row  0x00000000200004e4        0x2 CMakeFiles/STMproject.dir/Modules/TFT/Src/tft.c.obj
 .bss.candidate
                0x00000000200004e6        0x1 CMakeFiles/STMproject.dir/Modules/keypad/Src/keypad.c.obj
 *fill*         0x00000000200004e7        0x1 
 .bss.candidate_since
                0x00000000200004e8        0x4 CMakeFiles/STMproject.dir/Modules/keypad/Src/keypad.c.obj
 .bss.armed     0x00000000200004ec        0x1 CMakeFiles/STMproject.dir/Modules/keypad/Src/keypad.c.obj
 *(COMMON)
                0x00000000200004f0                . = ALIGN (0x4)
 *fill*         0x00000000200004ed        0x3 
                0x00000000200004f0                _ebss = .
                0x00000000200004f0                __bss_end__ = _ebss
                [!provide]                        PROVIDE (__bss_end = .)
                [!provide]                        PROVIDE (__non_tls_bss_start = ADDR (.bss))
                [!provide]                        PROVIDE (__bss_start = __tbss_start)
                [!provide]                        PROVIDE (__bss_size = (__bss_end - __bss_start))

._user_heap_stack
                0x00000000200004f0      0x600 load address 0x000000000800fe80
                0x00000000200004f0                . = ALIGN (0x8)
                [!provide]                        PROVIDE (end = .)
                0x00000000200004f0                PROVIDE (_end = .)
                0x00000000200006f0                . = (. + _Min_Heap_Size)
 *fill*         0x00000000200004f0      0x200 
                0x0000000020000af0                . = (. + _Min_Stack_Size)
 *fill*         0x00000000200006f0      0x400 
                0x0000000020000af0                . = ALIGN (0x8)

/DISCARD/
 libc.a:*(*)
 libm.a:*(*)
 libgcc.a:*(*)
OUTPUT(STMproject.elf elf32-littlearm)
LOAD linker stubs

.ARM.attributes
                0x0000000000000000       0x30
 .ARM.attributes
                0x0000000000000000       0x1e /usr/lib/gcc/arm-none-eabi/10.3.1/thumb/v7e-m+fp/hard/crti.o
 .ARM.attributes
                0x000000000000001e       0x34 /usr/lib/gcc/arm-none-eabi/10.3.1/thumb/v7e-m+fp/hard/crtbegin.o
 .ARM.attributes
                0x0000000000000052       0x34 cmake/stm32cubemx/CMakeFiles/STM32_Drivers.dir/__/__/Core/Src/system_stm32f4xx.c.obj
 .ARM.attributes
                0x0000000000000086       0x34 cmake/stm32cubemx/CMakeFiles/STM32_Drivers.dir/__/__/Drivers/STM32F4xx_HAL_Driver/Src/stm32f4xx_hal_i2c.c.obj
 .ARM.attributes
                0x00000000000000ba       0x34 cmake/stm32cubemx/CMakeFiles/STM32_Drivers.dir/__/__/Drivers/STM32F4xx_HAL_Driver/Src/stm32f4xx_hal_rcc.c.obj
 .ARM.attributes
                0x00000000000000ee       0x34 cmake/stm32cubemx/CMakeFiles/STM32_Drivers.dir/__/__/Drivers/STM32F4xx_HAL_Driver/Src/stm32f4xx_hal_gpio.c.obj
 .ARM.attributes
                0x0000000000000122       0x34 cmake/stm32cubemx/CMakeFiles/STM32_Drivers.dir/__/__/Drivers/STM32F4xx_HAL_Driver/Src/stm32f4xx_hal_cortex.c.obj
 .ARM.attributes
                0x0000000000000156       0x34 cmake/stm32cubemx/CMakeFiles/STM32_Drivers.dir/__/__/Drivers/STM32F4xx_HAL_Driver/Src/stm32f4xx_hal.c.obj
 .ARM.attributes
                0x000000000000018a       0x34 cmake/stm32cubemx/CMakeFiles/STM32_Drivers.dir/__/__/Drivers/STM32F4xx_HAL_Driver/Src/stm32f4xx_hal_spi.c.obj
 .ARM.attributes
                0x00000000000001be       0x34 CMakeFiles/STMproject.dir/Core/Src/main.c.obj
 .ARM.attributes
                0x00000000000001f2       0x34 CMakeFiles/STMproject.dir/Core/Src/gpio.c.obj
 .ARM.attributes
                0x0000000000000226       0x34 CMakeFiles/STMproject.dir/Core/Src/i2c.c.obj
 .ARM.attributes
                0x000000000000025a       0x34 CMakeFiles/STMproject.dir/Core/Src/spi.c.obj
 .ARM.attributes
                0x000000000000028e       0x34 CMakeFiles/STMproject.dir/Core/Src/stm32f4xx_it.c.obj
 .ARM.attributes
                0x00000000000002c2       0x34 CMakeFiles/STMproject.dir/Core/Src/stm32f4xx_hal_msp.c.obj
 .ARM.attributes
                0x00000000000002f6       0x34 CMakeFiles/STMproject.dir/Core/Src/sysmem.c.obj
 .ARM.attributes
                0x000000000000032a       0x21 CMakeFiles/STMproject.dir/startup_stm32f411xe.s.obj
 .ARM.attributes
                0x000000000000034b       0x34 CMakeFiles/STMproject.dir/App/Src/app.c.obj
 .ARM.attributes
                0x000000000000037f       0x34 CMakeFiles/STMproject.dir/App/UI/Src/ui.c.obj
 .ARM.attributes
                0x00000000000003b3       0x34 CMakeFiles/STMproject.dir/App/UI/Src/screen_function0.c.obj
 .ARM.attributes
                0x00000000000003e7       0x34 CMakeFiles/STMproject.dir/App/UI/Src/screen_function1.c.obj
 .ARM.attributes
                0x000000000000041b       0x34 CMakeFiles/STMproject.dir/App/UI/Src/screen_function2.c.obj
 .ARM.attributes
                0x000000000000044f       0x34 CMakeFiles/STMproject.dir/App/UI/Src/screen_function3.c.obj
 .ARM.attributes
                0x0000000000000483       0x34 CMakeFiles/STMproject.dir/Modules/TFT/Src/tft.c.obj
 .ARM.attributes
                0x00000000000004b7       0x34 CMakeFiles/STMproject.dir/Modules/DHT20/Src/dht20.c.obj
 .ARM.attributes
                0x00000000000004eb       0x34 CMakeFiles/STMproject.dir/Modules/keypad/Src/keypad.c.obj
 .ARM.attributes
                0x000000000000051f       0x1e /usr/lib/gcc/arm-none-eabi/10.3.1/thumb/v7e-m+fp/hard/libgcc.a(_aeabi_uldivmod.o)
 .ARM.attributes
                0x000000000000053d       0x34 /usr/lib/gcc/arm-none-eabi/10.3.1/thumb/v7e-m+fp/hard/libgcc.a(_udivmoddi4.o)
 .ARM.attributes
                0x0000000000000571       0x1e /usr/lib/gcc/arm-none-eabi/10.3.1/thumb/v7e-m+fp/hard/libgcc.a(_dvmd_tls.o)
 .ARM.attributes
                0x000000000000058f       0x34 /usr/lib/gcc/arm-none-eabi/10.3.1/../../../arm-none-eabi/lib/thumb/v7e-m+fp/hard/libg_nano.a(lib_a-errno.o)
 .ARM.attributes
                0x00000000000005c3       0x32 /usr/lib/gcc/arm-none-eabi/10.3.1/../../../arm-none-eabi/lib/thumb/v7e-m+fp/hard/libg_nano.a(lib_a-impure.o)
 .ARM.attributes
                0x00000000000005f5       0x34 /usr/lib/gcc/arm-none-eabi/10.3.1/../../../arm-none-eabi/lib/thumb/v7e-m+fp/hard/libg_nano.a(lib_a-init.o)
 .ARM.attributes
                0x0000000000000629       0x34 /usr/lib/gcc/arm-none-eabi/10.3.1/../../../arm-none-eabi/lib/thumb/v7e-m+fp/hard/libg_nano.a(lib_a-memset.o)
 .ARM.attributes
                0x000000000000065d       0x34 /usr/lib/gcc/arm-none-eabi/10.3.1/../../../arm-none-eabi/lib/thumb/v7e-m+fp/hard/libg_nano.a(lib_a-snprintf.o)
 .ARM.attributes
                0x0000000000000691       0x1c /usr/lib/gcc/arm-none-eabi/10.3.1/../../../arm-none-eabi/lib/thumb/v7e-m+fp/hard/libg_nano.a(lib_a-strcmp.o)
 .ARM.attributes
                0x00000000000006ad       0x34 /usr/lib/gcc/arm-none-eabi/10.3.1/../../../arm-none-eabi/lib/thumb/v7e-m+fp/hard/libg_nano.a(lib_a-nano-svfprintf.o)
 .ARM.attributes
                0x00000000000006e1       0x34 /usr/lib/gcc/arm-none-eabi/10.3.1/../../../arm-none-eabi/lib/thumb/v7e-m+fp/hard/libg_nano.a(lib_a-nano-vfprintf_i.o)
 .ARM.attributes
                0x0000000000000715       0x1c /usr/lib/gcc/arm-none-eabi/10.3.1/../../../arm-none-eabi/lib/thumb/v7e-m+fp/hard/libg_nano.a(lib_a-memchr.o)
 .ARM.attributes
                0x0000000000000731       0x1c /usr/lib/gcc/arm-none-eabi/10.3.1/../../../arm-none-eabi/lib/thumb/v7e-m+fp/hard/libg_nano.a(lib_a-memcpy.o)
 .ARM.attributes
                0x000000000000074d       0x34 /usr/lib/gcc/arm-none-eabi/10.3.1/../../../arm-none-eabi/lib/thumb/v7e-m+fp/hard/libg_nano.a(lib_a-memmove.o)
 .ARM.attributes
                0x0000000000000781       0x34 /usr/lib/gcc/arm-none-eabi/10.3.1/../../../arm-none-eabi/lib/thumb/v7e-m+fp/hard/libg_nano.a(lib_a-nano-freer.o)
 .ARM.attributes
                0x00000000000007b5       0x34 /usr/lib/gcc/arm-none-eabi/10.3.1/../../../arm-none-eabi/lib/thumb/v7e-m+fp/hard/libg_nano.a(lib_a-nano-mallocr.o)
 .ARM.attributes
                0x00000000000007e9       0x34 /usr/lib/gcc/arm-none-eabi/10.3.1/../../../arm-none-eabi/lib/thumb/v7e-m+fp/hard/libg_nano.a(lib_a-nano-reallocr.o)
 .ARM.attributes
                0x000000000000081d       0x34 /usr/lib/gcc/arm-none-eabi/10.3.1/../../../arm-none-eabi/lib/thumb/v7e-m+fp/hard/libg_nano.a(lib_a-sbrkr.o)
 .ARM.attributes
                0x0000000000000851       0x34 /usr/lib/gcc/arm-none-eabi/10.3.1/../../../arm-none-eabi/lib/thumb/v7e-m+fp/hard/libg_nano.a(lib_a-mlock.o)
 .ARM.attributes
                0x0000000000000885       0x34 /usr/lib/gcc/arm-none-eabi/10.3.1/../../../arm-none-eabi/lib/thumb/v7e-m+fp/hard/libg_nano.a(lib_a-nano-msizer.o)
 .ARM.attributes
                0x00000000000008b9       0x34 /usr/lib/gcc/arm-none-eabi/10.3.1/../../../arm-none-eabi/lib/thumb/v7e-m+fp/hard/libg_nano.a(lib_a-reent.o)
 .ARM.attributes
                0x00000000000008ed       0x32 /usr/lib/gcc/arm-none-eabi/10.3.1/thumb/v7e-m+fp/hard/crtend.o
 .ARM.attributes
                0x000000000000091f       0x1e /usr/lib/gcc/arm-none-eabi/10.3.1/thumb/v7e-m+fp/hard/crtn.o

.comment        0x0000000000000000       0x33
 .comment       0x0000000000000000       0x33 /usr/lib/gcc/arm-none-eabi/10.3.1/thumb/v7e-m+fp/hard/crtbegin.o
                                         0x34 (size before relaxing)
 .comment       0x0000000000000033       0x34 cmake/stm32cubemx/CMakeFiles/STM32_Drivers.dir/__/__/Core/Src/system_stm32f4xx.c.obj
 .comment       0x0000000000000033       0x34 cmake/stm32cubemx/CMakeFiles/STM32_Drivers.dir/__/__/Drivers/STM32F4xx_HAL_Driver/Src/stm32f4xx_hal_i2c.c.obj
 .comment       0x0000000000000033       0x34 cmake/stm32cubemx/CMakeFiles/STM32_Drivers.dir/__/__/Drivers/STM32F4xx_HAL_Driver/Src/stm32f4xx_hal_rcc.c.obj
 .comment       0x0000000000000033       0x34 cmake/stm32cubemx/CMakeFiles/STM32_Drivers.dir/__/__/Drivers/STM32F4xx_HAL_Driver/Src/stm32f4xx_hal_gpio.c.obj
 .comment       0x0000000000000033       0x34 cmake/stm32cubemx/CMakeFiles/STM32_Drivers.dir/__/__/Drivers/STM32F4xx_HAL_Driver/Src/stm32f4xx_hal_cortex.c.obj
 .comment       0x0000000000000033       0x34 cmake/stm32cubemx/CMakeFiles/STM32_Drivers.dir/__/__/Drivers/STM32F4xx_HAL_Driver/Src/stm32f4xx_hal.c.obj
 .comment       0x0000000000000033       0x34 cmake/stm32cubemx/CMakeFiles/STM32_Drivers.dir/__/__/Drivers/STM32F4xx_HAL_Driver/Src/stm32f4xx_hal_spi.c.obj
 .comment       0x0000000000000033       0x34 CMakeFiles/STMproject.dir/Core/Src/main.c.obj
 .comment       0x0000000000000033       0x34 CMakeFiles/STMproject.dir/Core/Src/gpio.c.obj
 .comment       0x0000000000000033       0x34 CMakeFiles/STMproject.dir/Core/Src/i2c.c.obj
 .comment       0x0000000000000033       0x34 CMakeFiles/STMproject.dir/Core/Src/spi.c.obj
 .comment       0x0000000000000033       0x34 CMakeFiles/STMproject.dir/Core/Src/stm32f4xx_it.c.obj
 .comment       0x0000000000000033       0x34 CMakeFiles/STMproject.dir/Core/Src/stm32f4xx_hal_msp.c.obj
 .comment       0x0000000000000033       0x34 CMakeFiles/STMproject.dir/Core/Src/sysmem.c.obj
 .comment       0x0000000000000033       0x34 CMakeFiles/STMproject.dir/App/Src/app.c.obj
 .comment       0x0000000000000033       0x34 CMakeFiles/STMproject.dir/App/UI/Src/ui.c.obj
 .comment       0x0000000000000033       0x34 CMakeFiles/STMproject.dir/App/UI/Src/screen_function0.c.obj
 .comment       0x0000000000000033       0x34 CMakeFiles/STMproject.dir/App/UI/Src/screen_function1.c.obj
 .comment       0x0000000000000033       0x34 CMakeFiles/STMproject.dir/App/UI/Src/screen_function2.c.obj
 .comment       0x0000000000000033       0x34 CMakeFiles/STMproject.dir/App/UI/Src/screen_function3.c.obj
 .comment       0x0000000000000033       0x34 CMakeFiles/STMproject.dir/Modules/TFT/Src/tft.c.obj
 .comment       0x0000000000000033       0x34 CMakeFiles/STMproject.dir/Modules/DHT20/Src/dht20.c.obj
 .comment       0x0000000000000033       0x34 CMakeFiles/STMproject.dir/Modules/keypad/Src/keypad.c.obj
 .comment       0x0000000000000033       0x34 /usr/lib/gcc/arm-none-eabi/10.3.1/thumb/v7e-m+fp/hard/libgcc.a(_udivmoddi4.o)
 .comment       0x0000000000000033       0x34 /usr/lib/gcc/arm-none-eabi/10.3.1/../../../arm-none-eabi/lib/thumb/v7e-m+fp/hard/libg_nano.a(lib_a-errno.o)
 .comment       0x0000000000000033       0x34 /usr/lib/gcc/arm-none-eabi/10.3.1/../../../arm-none-eabi/lib/thumb/v7e-m+fp/hard/libg_nano.a(lib_a-impure.o)
 .comment       0x0000000000000033       0x34 /usr/lib/gcc/arm-none-eabi/10.3.1/../../../arm-none-eabi/lib/thumb/v7e-m+fp/hard/libg_nano.a(lib_a-init.o)
 .comment       0x0000000000000033       0x34 /usr/lib/gcc/arm-none-eabi/10.3.1/../../../arm-none-eabi/lib/thumb/v7e-m+fp/hard/libg_nano.a(lib_a-memset.o)
 .comment       0x0000000000000033       0x34 /usr/lib/gcc/arm-none-eabi/10.3.1/../../../arm-none-eabi/lib/thumb/v7e-m+fp/hard/libg_nano.a(lib_a-snprintf.o)
 .comment       0x0000000000000033       0x34 /usr/lib/gcc/arm-none-eabi/10.3.1/../../../arm-none-eabi/lib/thumb/v7e-m+fp/hard/libg_nano.a(lib_a-nano-svfprintf.o)
 .comment       0x0000000000000033       0x34 /usr/lib/gcc/arm-none-eabi/10.3.1/../../../arm-none-eabi/lib/thumb/v7e-m+fp/hard/libg_nano.a(lib_a-nano-vfprintf_i.o)
 .comment       0x0000000000000033       0x34 /usr/lib/gcc/arm-none-eabi/10.3.1/../../../arm-none-eabi/lib/thumb/v7e-m+fp/hard/libg_nano.a(lib_a-memmove.o)
 .comment       0x0000000000000033       0x34 /usr/lib/gcc/arm-none-eabi/10.3.1/../../../arm-none-eabi/lib/thumb/v7e-m+fp/hard/libg_nano.a(lib_a-nano-freer.o)
 .comment       0x0000000000000033       0x34 /usr/lib/gcc/arm-none-eabi/10.3.1/../../../arm-none-eabi/lib/thumb/v7e-m+fp/hard/libg_nano.a(lib_a-nano-mallocr.o)
 .comment       0x0000000000000033       0x34 /usr/lib/gcc/arm-none-eabi/10.3.1/../../../arm-none-eabi/lib/thumb/v7e-m+fp/hard/libg_nano.a(lib_a-nano-reallocr.o)
 .comment       0x0000000000000033       0x34 /usr/lib/gcc/arm-none-eabi/10.3.1/../../../arm-none-eabi/lib/thumb/v7e-m+fp/hard/libg_nano.a(lib_a-sbrkr.o)
 .comment       0x0000000000000033       0x34 /usr/lib/gcc/arm-none-eabi/10.3.1/../../../arm-none-eabi/lib/thumb/v7e-m+fp/hard/libg_nano.a(lib_a-mlock.o)
 .comment       0x0000000000000033       0x34 /usr/lib/gcc/arm-none-eabi/10.3.1/../../../arm-none-eabi/lib/thumb/v7e-m+fp/hard/libg_nano.a(lib_a-nano-msizer.o)
 .comment       0x0000000000000033       0x34 /usr/lib/gcc/arm-none-eabi/10.3.1/../../../arm-none-eabi/lib/thumb/v7e-m+fp/hard/libg_nano.a(lib_a-reent.o)
 .comment       0x0000000000000033       0x34 /usr/lib/gcc/arm-none-eabi/10.3.1/thumb/v7e-m+fp/hard/crtend.o

.debug_info     0x0000000000000000    0x137ae
 .debug_info    0x0000000000000000      0x537 cmake/stm32cubemx/CMakeFiles/STM32_Drivers.dir/__/__/Core/Src/system_stm32f4xx.c.obj
 .debug_info    0x0000000000000537     0x259f cmake/stm32cubemx/CMakeFiles/STM32_Drivers.dir/__/__/Drivers/STM32F4xx_HAL_Driver/Src/stm32f4xx_hal_i2c.c.obj
 .debug_info    0x0000000000002ad6      0x92e cmake/stm32cubemx/CMakeFiles/STM32_Drivers.dir/__/__/Drivers/STM32F4xx_HAL_Driver/Src/stm32f4xx_hal_rcc.c.obj
 .debug_info    0x0000000000003404      0x76a cmake/stm32cubemx/CMakeFiles/STM32_Drivers.dir/__/__/Drivers/STM32F4xx_HAL_Driver/Src/stm32f4xx_hal_gpio.c.obj
 .debug_info    0x0000000000003b6e      0xdaf cmake/stm32cubemx/CMakeFiles/STM32_Drivers.dir/__/__/Drivers/STM32F4xx_HAL_Driver/Src/stm32f4xx_hal_cortex.c.obj
 .debug_info    0x000000000000491d      0x8ae cmake/stm32cubemx/CMakeFiles/STM32_Drivers.dir/__/__/Drivers/STM32F4xx_HAL_Driver/Src/stm32f4xx_hal.c.obj
 .debug_info    0x00000000000051cb     0x15dd cmake/stm32cubemx/CMakeFiles/STM32_Drivers.dir/__/__/Drivers/STM32F4xx_HAL_Driver/Src/stm32f4xx_hal_spi.c.obj
 .debug_info    0x00000000000067a8      0x4c6 CMakeFiles/STMproject.dir/Core/Src/main.c.obj
 .debug_info    0x0000000000006c6e      0x41d CMakeFiles/STMproject.dir/Core/Src/gpio.c.obj
 .debug_info    0x000000000000708b      0x9b7 CMakeFiles/STMproject.dir/Core/Src/i2c.c.obj
 .debug_info    0x0000000000007a42      0x991 CMakeFiles/STMproject.dir/Core/Src/spi.c.obj
 .debug_info    0x00000000000083d3      0x119 CMakeFiles/STMproject.dir/Core/Src/stm32f4xx_it.c.obj
 .debug_info    0x00000000000084ec      0x2c8 CMakeFiles/STMproject.dir/Core/Src/stm32f4xx_hal_msp.c.obj
 .debug_info    0x00000000000087b4      0x147 CMakeFiles/STMproject.dir/Core/Src/sysmem.c.obj
 .debug_info    0x00000000000088fb       0x22 CMakeFiles/STMproject.dir/startup_stm32f411xe.s.obj
 .debug_info    0x000000000000891d      0x36f CMakeFiles/STMproject.dir/App/Src/app.c.obj
 .debug_info    0x0000000000008c8c      0x2d4 CMakeFiles/STMproject.dir/App/UI/Src/ui.c.obj
 .debug_info    0x0000000000008f60      0x220 CMakeFiles/STMproject.dir/App/UI/Src/screen_function0.c.obj
 .debug_info    0x0000000000009180      0x220 CMakeFiles/STMproject.dir/App/UI/Src/screen_function1.c.obj
 .debug_info    0x00000000000093a0      0x220 CMakeFiles/STMproject.dir/App/UI/Src/screen_function2.c.obj
 .debug_info    0x00000000000095c0      0x220 CMakeFiles/STMproject.dir/App/UI/Src/screen_function3.c.obj
 .debug_info    0x00000000000097e0      0xe33 CMakeFiles/STMproject.dir/Modules/TFT/Src/tft.c.obj
 .debug_info    0x000000000000a613      0x7e4 CMakeFiles/STMproject.dir/Modules/DHT20/Src/dht20.c.obj
 .debug_info    0x000000000000adf7      0x624 CMakeFiles/STMproject.dir/Modules/keypad/Src/keypad.c.obj
 .debug_info    0x000000000000b41b       0x26 /usr/lib/gcc/arm-none-eabi/10.3.1/thumb/v7e-m+fp/hard/libgcc.a(_aeabi_uldivmod.o)
 .debug_info    0x000000000000b441      0x717 /usr/lib/gcc/arm-none-eabi/10.3.1/thumb/v7e-m+fp/hard/libgcc.a(_udivmoddi4.o)
 .debug_info    0x000000000000bb58       0x26 /usr/lib/gcc/arm-none-eabi/10.3.1/thumb/v7e-m+fp/hard/libgcc.a(_dvmd_tls.o)
 .debug_info    0x000000000000bb7e      0x7ae /usr/lib/gcc/arm-none-eabi/10.3.1/../../../arm-none-eabi/lib/thumb/v7e-m+fp/hard/libg_nano.a(lib_a-errno.o)
 .debug_info    0x000000000000c32c      0x863 /usr/lib/gcc/arm-none-eabi/10.3.1/../../../arm-none-eabi/lib/thumb/v7e-m+fp/hard/libg_nano.a(lib_a-impure.o)
 .debug_info    0x000000000000cb8f      0x11a /usr/lib/gcc/arm-none-eabi/10.3.1/../../../arm-none-eabi/lib/thumb/v7e-m+fp/hard/libg_nano.a(lib_a-init.o)
 .debug_info    0x000000000000cca9      0x137 /usr/lib/gcc/arm-none-eabi/10.3.1/../../../arm-none-eabi/lib/thumb/v7e-m+fp/hard/libg_nano.a(lib_a-memset.o)
 .debug_info    0x000000000000cde0      0x9b5 /usr/lib/gcc/arm-none-eabi/10.3.1/../../../arm-none-eabi/lib/thumb/v7e-m+fp/hard/libg_nano.a(lib_a-snprintf.o)
 .debug_info    0x000000000000d795       0x26 /usr/lib/gcc/arm-none-eabi/10.3.1/../../../arm-none-eabi/lib/thumb/v7e-m+fp/hard/libg_nano.a(lib_a-strcmp.o)
 .debug_info    0x000000000000d7bb     0x10d5 /usr/lib/gcc/arm-none-eabi/10.3.1/../../../arm-none-eabi/lib/thumb/v7e-m+fp/hard/libg_nano.a(lib_a-nano-svfprintf.o)
 .debug_info    0x000000000000e890      0xe9e /usr/lib/gcc/arm-none-eabi/10.3.1/../../../arm-none-eabi/lib/thumb/v7e-m+fp/hard/libg_nano.a(lib_a-nano-vfprintf_i.o)
 .debug_info    0x000000000000f72e       0x26 /usr/lib/gcc/arm-none-eabi/10.3.1/../../../arm-none-eabi/lib/thumb/v7e-m+fp/hard/libg_nano.a(lib_a-memchr.o)
 .debug_info    0x000000000000f754       0x26 /usr/lib/gcc/arm-none-eabi/10.3.1/../../../arm-none-eabi/lib/thumb/v7e-m+fp/hard/libg_nano.a(lib_a-memcpy.o)
 .debug_info    0x000000000000f77a      0x152 /usr/lib/gcc/arm-none-eabi/10.3.1/../../../arm-none-eabi/lib/thumb/v7e-m+fp/hard/libg_nano.a(lib_a-memmove.o)
 .debug_info    0x000000000000f8cc      0x903 /usr/lib/gcc/arm-none-eabi/10.3.1/../../../arm-none-eabi/lib/thumb/v7e-m+fp/hard/libg_nano.a(lib_a-nano-freer.o)
 .debug_info    0x00000000000101cf      0xa0c /usr/lib/gcc/arm-none-eabi/10.3.1/../../../arm-none-eabi/lib/thumb/v7e-m+fp/hard/libg_nano.a(lib_a-nano-mallocr.o)
 .debug_info    0x0000000000010bdb      0x911 /usr/lib/gcc/arm-none-eabi/10.3.1/../../../arm-none-eabi/lib/thumb/v7e-m+fp/hard/libg_nano.a(lib_a-nano-reallocr.o)
 .debug_info    0x00000000000114ec      0x828 /usr/lib/gcc/arm-none-eabi/10.3.1/../../../arm-none-eabi/lib/thumb/v7e-m+fp/hard/libg_nano.a(lib_a-sbrkr.o)
 .debug_info    0x0000000000011d14      0x7dc /usr/lib/gcc/arm-none-eabi/10.3.1/../../../arm-none-eabi/lib/thumb/v7e-m+fp/hard/libg_nano.a(lib_a-mlock.o)
 .debug_info    0x00000000000124f0      0x840 /usr/lib/gcc/arm-none-eabi/10.3.1/../../../arm-none-eabi/lib/thumb/v7e-m+fp/hard/libg_nano.a(lib_a-nano-msizer.o)
 .debug_info    0x0000000000012d30      0xa7e /usr/lib/gcc/arm-none-eabi/10.3.1/../../../arm-none-eabi/lib/thumb/v7e-m+fp/hard/libg_nano.a(lib_a-reent.o)

.debug_abbrev   0x0000000000000000     0x4021
 .debug_abbrev  0x0000000000000000      0x116 cmake/stm32cubemx/CMakeFiles/STM32_Drivers.dir/__/__/Core/Src/system_stm32f4xx.c.obj
 .debug_abbrev  0x0000000000000116      0x267 cmake/stm32cubemx/CMakeFiles/STM32_Drivers.dir/__/__/Drivers/STM32F4xx_HAL_Driver/Src/stm32f4xx_hal_i2c.c.obj
 .debug_abbrev  0x000000000000037d      0x262 cmake/stm32cubemx/CMakeFiles/STM32_Drivers.dir/__/__/Drivers/STM32F4xx_HAL_Driver/Src/stm32f4xx_hal_rcc.c.obj
 .debug_abbrev  0x00000000000005df      0x1c4 cmake/stm32cubemx/CMakeFiles/STM32_Drivers.dir/__/__/Drivers/STM32F4xx_HAL_Driver/Src/stm32f4xx_hal_gpio.c.obj
 .debug_abbrev  0x00000000000007a3      0x30d cmake/stm32cubemx/CMakeFiles/STM32_Drivers.dir/__/__/Drivers/STM32F4xx_HAL_Driver/Src/stm32f4xx_hal_cortex.c.obj
 .debug_abbrev  0x0000000000000ab0      0x20b cmake/stm32cubemx/CMakeFiles/STM32_Drivers.dir/__/__/Drivers/STM32F4xx_HAL_Driver/Src/stm32f4xx_hal.c.obj
 .debug_abbrev  0x0000000000000cbb      0x23a cmake/stm32cubemx/CMakeFiles/STM32_Drivers.dir/__/__/Drivers/STM32F4xx_HAL_Driver/Src/stm32f4xx_hal_spi.c.obj
 .debug_abbrev  0x0000000000000ef5      0x17d CMakeFiles/STMproject.dir/Core/Src/main.c.obj
 .debug_abbrev  0x0000000000001072      0x121 CMakeFiles/STMproject.dir/Core/Src/gpio.c.obj
 .debug_abbrev  0x0000000000001193      0x1a1 CMakeFiles/STMproject.dir/Core/Src/i2c.c.obj
 .debug_abbrev  0x0000000000001334      0x1a8 CMakeFiles/STMproject.dir/Core/Src/spi.c.obj
 .debug_abbrev  0x00000000000014dc       0x61 CMakeFiles/STMproject.dir/Core/Src/stm32f4xx_it.c.obj
 .debug_abbrev  0x000000000000153d       0xd4 CMakeFiles/STMproject.dir/Core/Src/stm32f4xx_hal_msp.c.obj
 .debug_abbrev  0x0000000000001611       0xa6 CMakeFiles/STMproject.dir/Core/Src/sysmem.c.obj
 .debug_abbrev  0x00000000000016b7       0x12 CMakeFiles/STMproject.dir/startup_stm32f411xe.s.obj
 .debug_abbrev  0x00000000000016c9      0x15b CMakeFiles/STMproject.dir/App/Src/app.c.obj
 .debug_abbrev  0x0000000000001824      0x135 CMakeFiles/STMproject.dir/App/UI/Src/ui.c.obj
 .debug_abbrev  0x0000000000001959      0x137 CMakeFiles/STMproject.dir/App/UI/Src/screen_function0.c.obj
 .debug_abbrev  0x0000000000001a90      0x137 CMakeFiles/STMproject.dir/App/UI/Src/screen_function1.c.obj
 .debug_abbrev  0x0000000000001bc7      0x137 CMakeFiles/STMproject.dir/App/UI/Src/screen_function2.c.obj
 .debug_abbrev  0x0000000000001cfe      0x137 CMakeFiles/STMproject.dir/App/UI/Src/screen_function3.c.obj
 .debug_abbrev  0x0000000000001e35      0x2ab CMakeFiles/STMproject.dir/Modules/TFT/Src/tft.c.obj
 .debug_abbrev  0x00000000000020e0      0x1bd CMakeFiles/STMproject.dir/Modules/DHT20/Src/dht20.c.obj
 .debug_abbrev  0x000000000000229d      0x1a9 CMakeFiles/STMproject.dir/Modules/keypad/Src/keypad.c.obj
 .debug_abbrev  0x0000000000002446       0x14 /usr/lib/gcc/arm-none-eabi/10.3.1/thumb/v7e-m+fp/hard/libgcc.a(_aeabi_uldivmod.o)
 .debug_abbrev  0x000000000000245a      0x163 /usr/lib/gcc/arm-none-eabi/10.3.1/thumb/v7e-m+fp/hard/libgcc.a(_udivmoddi4.o)
 .debug_abbrev  0x00000000000025bd       0x14 /usr/lib/gcc/arm-none-eabi/10.3.1/thumb/v7e-m+fp/hard/libgcc.a(_dvmd_tls.o)
 .debug_abbrev  0x00000000000025d1      0x157 /usr/lib/gcc/arm-none-eabi/10.3.1/../../../arm-none-eabi/lib/thumb/v7e-m+fp/hard/libg_nano.a(lib_a-errno.o)
 .debug_abbrev  0x0000000000002728      0x151 /usr/lib/gcc/arm-none-eabi/10.3.1/../../../arm-none-eabi/lib/thumb/v7e-m+fp/hard/libg_nano.a(lib_a-impure.o)
 .debug_abbrev  0x0000000000002879       0xcc /usr/lib/gcc/arm-none-eabi/10.3.1/../../../arm-none-eabi/lib/thumb/v7e-m+fp/hard/libg_nano.a(lib_a-init.o)
 .debug_abbrev  0x0000000000002945       0xb4 /usr/lib/gcc/arm-none-eabi/10.3.1/../../../arm-none-eabi/lib/thumb/v7e-m+fp/hard/libg_nano.a(lib_a-memset.o)
 .debug_abbrev  0x00000000000029f9      0x216 /usr/lib/gcc/arm-none-eabi/10.3.1/../../../arm-none-eabi/lib/thumb/v7e-m+fp/hard/libg_nano.a(lib_a-snprintf.o)
 .debug_abbrev  0x0000000000002c0f       0x14 /usr/lib/gcc/arm-none-eabi/10.3.1/../../../arm-none-eabi/lib/thumb/v7e-m+fp/hard/libg_nano.a(lib_a-strcmp.o)
 .debug_abbrev  0x0000000000002c23      0x2ca /usr/lib/gcc/arm-none-eabi/10.3.1/../../../arm-none-eabi/lib/thumb/v7e-m+fp/hard/libg_nano.a(lib_a-nano-svfprintf.o)
 .debug_abbrev  0x0000000000002eed      0x25c /usr/lib/gcc/arm-none-eabi/10.3.1/../../../arm-none-eabi/lib/thumb/v7e-m+fp/hard/libg_nano.a(lib_a-nano-vfprintf_i.o)
 .debug_abbrev  0x0000000000003149       0x14 /usr/lib/gcc/arm-none-eabi/10.3.1/../../../arm-none-eabi/lib/thumb/v7e-m+fp/hard/libg_nano.a(lib_a-memchr.o)
 .debug_abbrev  0x000000000000315d       0x14 /usr/lib/gcc/arm-none-eabi/10.3.1/../../../arm-none-eabi/lib/thumb/v7e-m+fp/hard/libg_nano.a(lib_a-memcpy.o)
 .debug_abbrev  0x0000000000003171       0xc0 /usr/lib/gcc/arm-none-eabi/10.3.1/../../../arm-none-eabi/lib/thumb/v7e-m+fp/hard/libg_nano.a(lib_a-memmove.o)
 .debug_abbrev  0x0000000000003231      0x235 /usr/lib/gcc/arm-none-eabi/10.3.1/../../../arm-none-eabi/lib/thumb/v7e-m+fp/hard/libg_nano.a(lib_a-nano-freer.o)
 .debug_abbrev  0x0000000000003466      0x290 /usr/lib/gcc/arm-none-eabi/10.3.1/../../../arm-none-eabi/lib/thumb/v7e-m+fp/hard/libg_nano.a(lib_a-nano-mallocr.o)
 .debug_abbrev  0x00000000000036f6      0x1d6 /usr/lib/gcc/arm-none-eabi/10.3.1/../../../arm-none-eabi/lib/thumb/v7e-m+fp/hard/libg_nano.a(lib_a-nano-reallocr.o)
 .debug_abbrev  0x00000000000038cc      0x1d6 /usr/lib/gcc/arm-none-eabi/10.3.1/../../../arm-none-eabi/lib/thumb/v7e-m+fp/hard/libg_nano.a(lib_a-sbrkr.o)
 .debug_abbrev  0x0000000000003aa2      0x189 /usr/lib/gcc/arm-none-eabi/10.3.1/../../../arm-none-eabi/lib/thumb/v7e-m+fp/hard/libg_nano.a(lib_a-mlock.o)
 .debug_abbrev  0x0000000000003c2b      0x191 /usr/lib/gcc/arm-none-eabi/10.3.1/../../../arm-none-eabi/lib/thumb/v7e-m+fp/hard/libg_nano.a(lib_a-nano-msizer.o)
 .debug_abbrev  0x0000000000003dbc      0x265 /usr/lib/gcc/arm-none-eabi/10.3.1/../../../arm-none-eabi/lib/thumb/v7e-m+fp/hard/libg_nano.a(lib_a-reent.o)

.debug_aranges  0x0000000000000000      0xdd0
 .debug_aranges
                0x0000000000000000       0x28 cmake/stm32cubemx/CMakeFiles/STM32_Drivers.dir/__/__/Core/Src/system_stm32f4xx.c.obj
 .debug_aranges
                0x0000000000000028      0x2a8 cmake/stm32cubemx/CMakeFiles/STM32_Drivers.dir/__/__/Drivers/STM32F4xx_HAL_Driver/Src/stm32f4xx_hal_i2c.c.obj
 .debug_aranges
                0x00000000000002d0       0x88 cmake/stm32cubemx/CMakeFiles/STM32_Drivers.dir/__/__/Drivers/STM32F4xx_HAL_Driver/Src/stm32f4xx_hal_rcc.c.obj
 .debug_aranges
                0x0000000000000358       0x58 cmake/stm32cubemx/CMakeFiles/STM32_Drivers.dir/__/__/Drivers/STM32F4xx_HAL_Driver/Src/stm32f4xx_hal_gpio.c.obj
 .debug_aranges
                0x00000000000003b0      0x130 cmake/stm32cubemx/CMakeFiles/STM32_Drivers.dir/__/__/Drivers/STM32F4xx_HAL_Driver/Src/stm32f4xx_hal_cortex.c.obj
 .debug_aranges
                0x00000000000004e0       0xf0 cmake/stm32cubemx/CMakeFiles/STM32_Drivers.dir/__/__/Drivers/STM32F4xx_HAL_Driver/Src/stm32f4xx_hal.c.obj
 .debug_aranges
                0x00000000000005d0      0x1d0 cmake/stm32cubemx/CMakeFiles/STM32_Drivers.dir/__/__/Drivers/STM32F4xx_HAL_Driver/Src/stm32f4xx_hal_spi.c.obj
 .debug_aranges
                0x00000000000007a0       0x30 CMakeFiles/STMproject.dir/Core/Src/main.c.obj
 .debug_aranges
                0x00000000000007d0       0x20 CMakeFiles/STMproject.dir/Core/Src/gpio.c.obj
 .debug_aranges
                0x00000000000007f0       0x30 CMakeFiles/STMproject.dir/Core/Src/i2c.c.obj
 .debug_aranges
                0x0000000000000820       0x30 CMakeFiles/STMproject.dir/Core/Src/spi.c.obj
 .debug_aranges
                0x0000000000000850       0x60 CMakeFiles/STMproject.dir/Core/Src/stm32f4xx_it.c.obj
 .debug_aranges
                0x00000000000008b0       0x20 CMakeFiles/STMproject.dir/Core/Src/stm32f4xx_hal_msp.c.obj
 .debug_aranges
                0x00000000000008d0       0x20 CMakeFiles/STMproject.dir/Core/Src/sysmem.c.obj
 .debug_aranges
                0x00000000000008f0       0x28 CMakeFiles/STMproject.dir/startup_stm32f411xe.s.obj
 .debug_aranges
                0x0000000000000918       0x38 CMakeFiles/STMproject.dir/App/Src/app.c.obj
 .debug_aranges
                0x0000000000000950       0x40 CMakeFiles/STMproject.dir/App/UI/Src/ui.c.obj
 .debug_aranges
                0x0000000000000990       0x28 CMakeFiles/STMproject.dir/App/UI/Src/screen_function0.c.obj
 .debug_aranges
                0x00000000000009b8       0x28 CMakeFiles/STMproject.dir/App/UI/Src/screen_function1.c.obj
 .debug_aranges
                0x00000000000009e0       0x28 CMakeFiles/STMproject.dir/App/UI/Src/screen_function2.c.obj
 .debug_aranges
                0x0000000000000a08       0x28 CMakeFiles/STMproject.dir/App/UI/Src/screen_function3.c.obj
 .debug_aranges
                0x0000000000000a30       0x90 CMakeFiles/STMproject.dir/Modules/TFT/Src/tft.c.obj
 .debug_aranges
                0x0000000000000ac0       0x40 CMakeFiles/STMproject.dir/Modules/DHT20/Src/dht20.c.obj
 .debug_aranges
                0x0000000000000b00       0x38 CMakeFiles/STMproject.dir/Modules/keypad/Src/keypad.c.obj
 .debug_aranges
                0x0000000000000b38       0x20 /usr/lib/gcc/arm-none-eabi/10.3.1/thumb/v7e-m+fp/hard/libgcc.a(_aeabi_uldivmod.o)
 .debug_aranges
                0x0000000000000b58       0x20 /usr/lib/gcc/arm-none-eabi/10.3.1/thumb/v7e-m+fp/hard/libgcc.a(_udivmoddi4.o)
 .debug_aranges
                0x0000000000000b78       0x20 /usr/lib/gcc/arm-none-eabi/10.3.1/thumb/v7e-m+fp/hard/libgcc.a(_dvmd_tls.o)
 .debug_aranges
                0x0000000000000b98       0x20 /usr/lib/gcc/arm-none-eabi/10.3.1/../../../arm-none-eabi/lib/thumb/v7e-m+fp/hard/libg_nano.a(lib_a-errno.o)
 .debug_aranges
                0x0000000000000bb8       0x18 /usr/lib/gcc/arm-none-eabi/10.3.1/../../../arm-none-eabi/lib/thumb/v7e-m+fp/hard/libg_nano.a(lib_a-impure.o)
 .debug_aranges
                0x0000000000000bd0       0x20 /usr/lib/gcc/arm-none-eabi/10.3.1/../../../arm-none-eabi/lib/thumb/v7e-m+fp/hard/libg_nano.a(lib_a-init.o)
 .debug_aranges
                0x0000000000000bf0       0x20 /usr/lib/gcc/arm-none-eabi/10.3.1/../../../arm-none-eabi/lib/thumb/v7e-m+fp/hard/libg_nano.a(lib_a-memset.o)
 .debug_aranges
                0x0000000000000c10       0x20 /usr/lib/gcc/arm-none-eabi/10.3.1/../../../arm-none-eabi/lib/thumb/v7e-m+fp/hard/libg_nano.a(lib_a-snprintf.o)
 .debug_aranges
                0x0000000000000c30       0x20 /usr/lib/gcc/arm-none-eabi/10.3.1/../../../arm-none-eabi/lib/thumb/v7e-m+fp/hard/libg_nano.a(lib_a-strcmp.o)
 .debug_aranges
                0x0000000000000c50       0x20 /usr/lib/gcc/arm-none-eabi/10.3.1/../../../arm-none-eabi/lib/thumb/v7e-m+fp/hard/libg_nano.a(lib_a-nano-svfprintf.o)
 .debug_aranges
                0x0000000000000c70       0x20 /usr/lib/gcc/arm-none-eabi/10.3.1/../../../arm-none-eabi/lib/thumb/v7e-m+fp/hard/libg_nano.a(lib_a-nano-vfprintf_i.o)
 .debug_aranges
                0x0000000000000c90       0x20 /usr/lib/gcc/arm-none-eabi/10.3.1/../../../arm-none-eabi/lib/thumb/v7e-m+fp/hard/libg_nano.a(lib_a-memchr.o)
 .debug_aranges
                0x0000000000000cb0       0x20 /usr/lib/gcc/arm-none-eabi/10.3.1/../../../arm-none-eabi/lib/thumb/v7e-m+fp/hard/libg_nano.a(lib_a-memcpy.o)
 .debug_aranges
                0x0000000000000cd0       0x20 /usr/lib/gcc/arm-none-eabi/10.3.1/../../../arm-none-eabi/lib/thumb/v7e-m+fp/hard/libg_nano.a(lib_a-memmove.o)
 .debug_aranges
                0x0000000000000cf0       0x20 /usr/lib/gcc/arm-none-eabi/10.3.1/../../../arm-none-eabi/lib/thumb/v7e-m+fp/hard/libg_nano.a(lib_a-nano-freer.o)
 .debug_aranges
                0x0000000000000d10       0x20 /usr/lib/gcc/arm-none-eabi/10.3.1/../../../arm-none-eabi/lib/thumb/v7e-m+fp/hard/libg_nano.a(lib_a-nano-mallocr.o)
 .debug_aranges
                0x0000000000000d30       0x20 /usr/lib/gcc/arm-none-eabi/10.3.1/../../../arm-none-eabi/lib/thumb/v7e-m+fp/hard/libg_nano.a(lib_a-nano-reallocr.o)
 .debug_aranges
                0x0000000000000d50       0x20 /usr/lib/gcc/arm-none-eabi/10.3.1/../../../arm-none-eabi/lib/thumb/v7e-m+fp/hard/libg_nano.a(lib_a-sbrkr.o)
 .debug_aranges
                0x0000000000000d70       0x20 /usr/lib/gcc/arm-none-eabi/10.3.1/../../../arm-none-eabi/lib/thumb/v7e-m+fp/hard/libg_nano.a(lib_a-mlock.o)
 .debug_aranges
                0x0000000000000d90       0x20 /usr/lib/gcc/arm-none-eabi/10.3.1/../../../arm-none-eabi/lib/thumb/v7e-m+fp/hard/libg_nano.a(lib_a-nano-msizer.o)
 .debug_aranges
                0x0000000000000db0       0x20 /usr/lib/gcc/arm-none-eabi/10.3.1/../../../arm-none-eabi/lib/thumb/v7e-m+fp/hard/libg_nano.a(lib_a-reent.o)

.debug_ranges   0x0000000000000000      0xc40
 .debug_ranges  0x0000000000000000       0x18 cmake/stm32cubemx/CMakeFiles/STM32_Drivers.dir/__/__/Core/Src/system_stm32f4xx.c.obj
 .debug_ranges  0x0000000000000018      0x2b0 cmake/stm32cubemx/CMakeFiles/STM32_Drivers.dir/__/__/Drivers/STM32F4xx_HAL_Driver/Src/stm32f4xx_hal_i2c.c.obj
 .debug_ranges  0x00000000000002c8       0x78 cmake/stm32cubemx/CMakeFiles/STM32_Drivers.dir/__/__/Drivers/STM32F4xx_HAL_Driver/Src/stm32f4xx_hal_rcc.c.obj
 .debug_ranges  0x0000000000000340       0x48 cmake/stm32cubemx/CMakeFiles/STM32_Drivers.dir/__/__/Drivers/STM32F4xx_HAL_Driver/Src/stm32f4xx_hal_gpio.c.obj
 .debug_ranges  0x0000000000000388      0x120 cmake/stm32cubemx/CMakeFiles/STM32_Drivers.dir/__/__/Drivers/STM32F4xx_HAL_Driver/Src/stm32f4xx_hal_cortex.c.obj
 .debug_ranges  0x00000000000004a8       0xe0 cmake/stm32cubemx/CMakeFiles/STM32_Drivers.dir/__/__/Drivers/STM32F4xx_HAL_Driver/Src/stm32f4xx_hal.c.obj
 .debug_ranges  0x0000000000000588      0x1c0 cmake/stm32cubemx/CMakeFiles/STM32_Drivers.dir/__/__/Drivers/STM32F4xx_HAL_Driver/Src/stm32f4xx_hal_spi.c.obj
 .debug_ranges  0x0000000000000748       0x20 CMakeFiles/STMproject.dir/Core/Src/main.c.obj
 .debug_ranges  0x0000000000000768       0x10 CMakeFiles/STMproject.dir/Core/Src/gpio.c.obj
 .debug_ranges  0x0000000000000778       0x20 CMakeFiles/STMproject.dir/Core/Src/i2c.c.obj
 .debug_ranges  0x0000000000000798       0x20 CMakeFiles/STMproject.dir/Core/Src/spi.c.obj
 .debug_ranges  0x00000000000007b8       0x50 CMakeFiles/STMproject.dir/Core/Src/stm32f4xx_it.c.obj
 .debug_ranges  0x0000000000000808       0x10 CMakeFiles/STMproject.dir/Core/Src/stm32f4xx_hal_msp.c.obj
 .debug_ranges  0x0000000000000818       0x10 CMakeFiles/STMproject.dir/Core/Src/sysmem.c.obj
 .debug_ranges  0x0000000000000828       0x20 CMakeFiles/STMproject.dir/startup_stm32f411xe.s.obj
 .debug_ranges  0x0000000000000848       0x28 CMakeFiles/STMproject.dir/App/Src/app.c.obj
 .debug_ranges  0x0000000000000870       0x30 CMakeFiles/STMproject.dir/App/UI/Src/ui.c.obj
 .debug_ranges  0x00000000000008a0       0x18 CMakeFiles/STMproject.dir/App/UI/Src/screen_function0.c.obj
 .debug_ranges  0x00000000000008b8       0x18 CMakeFiles/STMproject.dir/App/UI/Src/screen_function1.c.obj
 .debug_ranges  0x00000000000008d0       0x18 CMakeFiles/STMproject.dir/App/UI/Src/screen_function2.c.obj
 .debug_ranges  0x00000000000008e8       0x18 CMakeFiles/STMproject.dir/App/UI/Src/screen_function3.c.obj
 .debug_ranges  0x0000000000000900       0xc8 CMakeFiles/STMproject.dir/Modules/TFT/Src/tft.c.obj
 .debug_ranges  0x00000000000009c8       0x30 CMakeFiles/STMproject.dir/Modules/DHT20/Src/dht20.c.obj
 .debug_ranges  0x00000000000009f8       0x28 CMakeFiles/STMproject.dir/Modules/keypad/Src/keypad.c.obj
 .debug_ranges  0x0000000000000a20       0xe8 /usr/lib/gcc/arm-none-eabi/10.3.1/thumb/v7e-m+fp/hard/libgcc.a(_udivmoddi4.o)
 .debug_ranges  0x0000000000000b08       0x40 /usr/lib/gcc/arm-none-eabi/10.3.1/../../../arm-none-eabi/lib/thumb/v7e-m+fp/hard/libg_nano.a(lib_a-nano-svfprintf.o)
 .debug_ranges  0x0000000000000b48       0xa0 /usr/lib/gcc/arm-none-eabi/10.3.1/../../../arm-none-eabi/lib/thumb/v7e-m+fp/hard/libg_nano.a(lib_a-nano-vfprintf_i.o)
 .debug_ranges  0x0000000000000be8       0x20 /usr/lib/gcc/arm-none-eabi/10.3.1/../../../arm-none-eabi/lib/thumb/v7e-m+fp/hard/libg_nano.a(lib_a-nano-freer.o)
 .debug_ranges  0x0000000000000c08       0x38 /usr/lib/gcc/arm-none-eabi/10.3.1/../../../arm-none-eabi/lib/thumb/v7e-m+fp/hard/libg_nano.a(lib_a-nano-mallocr.o)

.debug_macro    0x0000000000000000    0x16797
 .debug_macro   0x0000000000000000      0x18a cmake/stm32cubemx/CMakeFiles/STM32_Drivers.dir/__/__/Core/Src/system_stm32f4xx.c.obj
 .debug_macro   0x000000000000018a      0xa78 cmake/stm32cubemx/CMakeFiles/STM32_Drivers.dir/__/__/Core/Src/system_stm32f4xx.c.obj
 .debug_macro   0x0000000000000c02       0x2e cmake/stm32cubemx/CMakeFiles/STM32_Drivers.dir/__/__/Core/Src/system_stm32f4xx.c.obj
 .debug_macro   0x0000000000000c30       0x28 cmake/stm32cubemx/CMakeFiles/STM32_Drivers.dir/__/__/Core/Src/system_stm32f4xx.c.obj
 .debug_macro   0x0000000000000c58      0x34e cmake/stm32cubemx/CMakeFiles/STM32_Drivers.dir/__/__/Core/Src/system_stm32f4xx.c.obj
 .debug_macro   0x0000000000000fa6       0x1c cmake/stm32cubemx/CMakeFiles/STM32_Drivers.dir/__/__/Core/Src/system_stm32f4xx.c.obj
 .debug_macro   0x0000000000000fc2       0x22 cmake/stm32cubemx/CMakeFiles/STM32_Drivers.dir/__/__/Core/Src/system_stm32f4xx.c.obj
 .debug_macro   0x0000000000000fe4       0xfb cmake/stm32cubemx/CMakeFiles/STM32_Drivers.dir/__/__/Core/Src/system_stm32f4xx.c.obj
 .debug_macro   0x00000000000010df     0x1011 cmake/stm32cubemx/CMakeFiles/STM32_Drivers.dir/__/__/Core/Src/system_stm32f4xx.c.obj
 .debug_macro   0x00000000000020f0      0x11f cmake/stm32cubemx/CMakeFiles/STM32_Drivers.dir/__/__/Core/Src/system_stm32f4xx.c.obj
 .debug_macro   0x000000000000220f     0xb968 cmake/stm32cubemx/CMakeFiles/STM32_Drivers.dir/__/__/Core/Src/system_stm32f4xx.c.obj
 .debug_macro   0x000000000000db77       0x6d cmake/stm32cubemx/CMakeFiles/STM32_Drivers.dir/__/__/Core/Src/system_stm32f4xx.c.obj
 .debug_macro   0x000000000000dbe4      0x29b cmake/stm32cubemx/CMakeFiles/STM32_Drivers.dir/__/__/Core/Src/system_stm32f4xx.c.obj
 .debug_macro   0x000000000000de7f     0x3693 cmake/stm32cubemx/CMakeFiles/STM32_Drivers.dir/__/__/Core/Src/system_stm32f4xx.c.obj
 .debug_macro   0x0000000000011512      0x174 cmake/stm32cubemx/CMakeFiles/STM32_Drivers.dir/__/__/Core/Src/system_stm32f4xx.c.obj
 .debug_macro   0x0000000000011686       0x5c cmake/stm32cubemx/CMakeFiles/STM32_Drivers.dir/__/__/Core/Src/system_stm32f4xx.c.obj
 .debug_macro   0x00000000000116e2      0x45c cmake/stm32cubemx/CMakeFiles/STM32_Drivers.dir/__/__/Core/Src/system_stm32f4xx.c.obj
 .debug_macro   0x0000000000011b3e      0x9e9 cmake/stm32cubemx/CMakeFiles/STM32_Drivers.dir/__/__/Core/Src/system_stm32f4xx.c.obj
 .debug_macro   0x0000000000012527      0x115 cmake/stm32cubemx/CMakeFiles/STM32_Drivers.dir/__/__/Core/Src/system_stm32f4xx.c.obj
 .debug_macro   0x000000000001263c      0x11b cmake/stm32cubemx/CMakeFiles/STM32_Drivers.dir/__/__/Core/Src/system_stm32f4xx.c.obj
 .debug_macro   0x0000000000012757       0xa5 cmake/stm32cubemx/CMakeFiles/STM32_Drivers.dir/__/__/Core/Src/system_stm32f4xx.c.obj
 .debug_macro   0x00000000000127fc      0x15f cmake/stm32cubemx/CMakeFiles/STM32_Drivers.dir/__/__/Core/Src/system_stm32f4xx.c.obj
 .debug_macro   0x000000000001295b      0x287 cmake/stm32cubemx/CMakeFiles/STM32_Drivers.dir/__/__/Core/Src/system_stm32f4xx.c.obj
 .debug_macro   0x0000000000012be2       0x5f cmake/stm32cubemx/CMakeFiles/STM32_Drivers.dir/__/__/Core/Src/system_stm32f4xx.c.obj
 .debug_macro   0x0000000000012c41      0x236 cmake/stm32cubemx/CMakeFiles/STM32_Drivers.dir/__/__/Core/Src/system_stm32f4xx.c.obj
 .debug_macro   0x0000000000012e77      0x132 cmake/stm32cubemx/CMakeFiles/STM32_Drivers.dir/__/__/Core/Src/system_stm32f4xx.c.obj
 .debug_macro   0x0000000000012fa9      0x264 cmake/stm32cubemx/CMakeFiles/STM32_Drivers.dir/__/__/Core/Src/system_stm32f4xx.c.obj
 .debug_macro   0x000000000001320d       0x2e cmake/stm32cubemx/CMakeFiles/STM32_Drivers.dir/__/__/Core/Src/system_stm32f4xx.c.obj
 .debug_macro   0x000000000001323b      0x1b5 cmake/stm32cubemx/CMakeFiles/STM32_Drivers.dir/__/__/Core/Src/system_stm32f4xx.c.obj
 .debug_macro   0x00000000000133f0       0x22 cmake/stm32cubemx/CMakeFiles/STM32_Drivers.dir/__/__/Core/Src/system_stm32f4xx.c.obj
 .debug_macro   0x0000000000013412       0xd6 cmake/stm32cubemx/CMakeFiles/STM32_Drivers.dir/__/__/Core/Src/system_stm32f4xx.c.obj
 .debug_macro   0x00000000000134e8      0x127 cmake/stm32cubemx/CMakeFiles/STM32_Drivers.dir/__/__/Core/Src/system_stm32f4xx.c.obj
 .debug_macro   0x000000000001360f       0x85 cmake/stm32cubemx/CMakeFiles/STM32_Drivers.dir/__/__/Core/Src/system_stm32f4xx.c.obj
 .debug_macro   0x0000000000013694       0x89 cmake/stm32cubemx/CMakeFiles/STM32_Drivers.dir/__/__/Core/Src/system_stm32f4xx.c.obj
 .debug_macro   0x000000000001371d      0x225 cmake/stm32cubemx/CMakeFiles/STM32_Drivers.dir/__/__/Core/Src/system_stm32f4xx.c.obj
 .debug_macro   0x0000000000013942      0x126 cmake/stm32cubemx/CMakeFiles/STM32_Drivers.dir/__/__/Core/Src/system_stm32f4xx.c.obj
 .debug_macro   0x0000000000013a68      0x1d8 cmake/stm32cubemx/CMakeFiles/STM32_Drivers.dir/__/__/Drivers/STM32F4xx_HAL_Driver/Src/stm32f4xx_hal_i2c.c.obj
 .debug_macro   0x0000000000013c40      0x1ae cmake/stm32cubemx/CMakeFiles/STM32_Drivers.dir/__/__/Drivers/STM32F4xx_HAL_Driver/Src/stm32f4xx_hal_rcc.c.obj
 .debug_macro   0x0000000000013dee      0x190 cmake/stm32cubemx/CMakeFiles/STM32_Drivers.dir/__/__/Drivers/STM32F4xx_HAL_Driver/Src/stm32f4xx_hal_gpio.c.obj
 .debug_macro   0x0000000000013f7e      0x18a cmake/stm32cubemx/CMakeFiles/STM32_Drivers.dir/__/__/Drivers/STM32F4xx_HAL_Driver/Src/stm32f4xx_hal_cortex.c.obj
 .debug_macro   0x0000000000014108      0x1ea cmake/stm32cubemx/CMakeFiles/STM32_Drivers.dir/__/__/Drivers/STM32F4xx_HAL_Driver/Src/stm32f4xx_hal.c.obj
 .debug_macro   0x00000000000142f2      0x199 cmake/stm32cubemx/CMakeFiles/STM32_Drivers.dir/__/__/Drivers/STM32F4xx_HAL_Driver/Src/stm32f4xx_hal_spi.c.obj
 .debug_macro   0x000000000001448b      0x1c5 CMakeFiles/STMproject.dir/Core/Src/main.c.obj
 .debug_macro   0x0000000000014650       0x28 CMakeFiles/STMproject.dir/Core/Src/main.c.obj
 .debug_macro   0x0000000000014678      0x1a3 CMakeFiles/STMproject.dir/Core/Src/gpio.c.obj
 .debug_macro   0x000000000001481b      0x1a3 CMakeFiles/STMproject.dir/Core/Src/i2c.c.obj
 .debug_macro   0x00000000000149be      0x1a3 CMakeFiles/STMproject.dir/Core/Src/spi.c.obj
 .debug_macro   0x0000000000014b61      0x1a3 CMakeFiles/STMproject.dir/Core/Src/stm32f4xx_it.c.obj
 .debug_macro   0x0000000000014d04      0x199 CMakeFiles/STMproject.dir/Core/Src/stm32f4xx_hal_msp.c.obj
 .debug_macro   0x0000000000014e9d       0xce CMakeFiles/STMproject.dir/Core/Src/sysmem.c.obj
 .debug_macro   0x0000000000014f6b       0x10 CMakeFiles/STMproject.dir/Core/Src/sysmem.c.obj
 .debug_macro   0x0000000000014f7b       0x22 CMakeFiles/STMproject.dir/Core/Src/sysmem.c.obj
 .debug_macro   0x0000000000014f9d       0x52 CMakeFiles/STMproject.dir/Core/Src/sysmem.c.obj
 .debug_macro   0x0000000000014fef       0x18 CMakeFiles/STMproject.dir/Core/Src/sysmem.c.obj
 .debug_macro   0x0000000000015007       0x94 CMakeFiles/STMproject.dir/Core/Src/sysmem.c.obj
 .debug_macro   0x000000000001509b       0x35 CMakeFiles/STMproject.dir/Core/Src/sysmem.c.obj
 .debug_macro   0x00000000000150d0       0x34 CMakeFiles/STMproject.dir/Core/Src/sysmem.c.obj
 .debug_macro   0x0000000000015104       0x16 CMakeFiles/STMproject.dir/Core/Src/sysmem.c.obj
 .debug_macro   0x000000000001511a       0x43 CMakeFiles/STMproject.dir/Core/Src/sysmem.c.obj
 .debug_macro   0x000000000001515d       0x57 CMakeFiles/STMproject.dir/Core/Src/sysmem.c.obj
 .debug_macro   0x00000000000151b4       0x34 CMakeFiles/STMproject.dir/Core/Src/sysmem.c.obj
 .debug_macro   0x00000000000151e8       0x10 CMakeFiles/STMproject.dir/Core/Src/sysmem.c.obj
 .debug_macro   0x00000000000151f8       0x52 CMakeFiles/STMproject.dir/Core/Src/sysmem.c.obj
 .debug_macro   0x000000000001524a      0x182 CMakeFiles/STMproject.dir/Core/Src/sysmem.c.obj
 .debug_macro   0x00000000000153cc      0x23b CMakeFiles/STMproject.dir/Core/Src/sysmem.c.obj
 .debug_macro   0x0000000000015607      0x1d3 CMakeFiles/STMproject.dir/App/Src/app.c.obj
 .debug_macro   0x00000000000157da       0x28 CMakeFiles/STMproject.dir/App/Src/app.c.obj
 .debug_macro   0x0000000000015802       0x22 CMakeFiles/STMproject.dir/App/Src/app.c.obj
 .debug_macro   0x0000000000015824       0x40 CMakeFiles/STMproject.dir/App/UI/Src/ui.c.obj
 .debug_macro   0x0000000000015864      0x1bf CMakeFiles/STMproject.dir/App/UI/Src/screen_function0.c.obj
 .debug_macro   0x0000000000015a23       0x16 CMakeFiles/STMproject.dir/App/UI/Src/screen_function0.c.obj
 .debug_macro   0x0000000000015a39       0x97 CMakeFiles/STMproject.dir/App/UI/Src/screen_function0.c.obj
 .debug_macro   0x0000000000015ad0       0xfd CMakeFiles/STMproject.dir/App/UI/Src/screen_function0.c.obj
 .debug_macro   0x0000000000015bcd      0x1bf CMakeFiles/STMproject.dir/App/UI/Src/screen_function1.c.obj
 .debug_macro   0x0000000000015d8c      0x1bf CMakeFiles/STMproject.dir/App/UI/Src/screen_function2.c.obj
 .debug_macro   0x0000000000015f4b      0x1bf CMakeFiles/STMproject.dir/App/UI/Src/screen_function3.c.obj
 .debug_macro   0x000000000001610a      0x2cb CMakeFiles/STMproject.dir/Modules/TFT/Src/tft.c.obj
 .debug_macro   0x00000000000163d5       0x22 CMakeFiles/STMproject.dir/Modules/TFT/Src/tft.c.obj
 .debug_macro   0x00000000000163f7       0x10 CMakeFiles/STMproject.dir/Modules/TFT/Src/tft.c.obj
 .debug_macro   0x0000000000016407      0x1b3 CMakeFiles/STMproject.dir/Modules/DHT20/Src/dht20.c.obj
 .debug_macro   0x00000000000165ba       0x2e CMakeFiles/STMproject.dir/Modules/DHT20/Src/dht20.c.obj
 .debug_macro   0x00000000000165e8      0x1af CMakeFiles/STMproject.dir/Modules/keypad/Src/keypad.c.obj

.debug_line     0x0000000000000000    0x106f1
 .debug_line    0x0000000000000000      0x59d cmake/stm32cubemx/CMakeFiles/STM32_Drivers.dir/__/__/Core/Src/system_stm32f4xx.c.obj
 .debug_line    0x000000000000059d     0x3862 cmake/stm32cubemx/CMakeFiles/STM32_Drivers.dir/__/__/Drivers/STM32F4xx_HAL_Driver/Src/stm32f4xx_hal_i2c.c.obj
 .debug_line    0x0000000000003dff      0xba4 cmake/stm32cubemx/CMakeFiles/STM32_Drivers.dir/__/__/Drivers/STM32F4xx_HAL_Driver/Src/stm32f4xx_hal_rcc.c.obj
 .debug_line    0x00000000000049a3      0x94a cmake/stm32cubemx/CMakeFiles/STM32_Drivers.dir/__/__/Drivers/STM32F4xx_HAL_Driver/Src/stm32f4xx_hal_gpio.c.obj
 .debug_line    0x00000000000052ed      0xb0c cmake/stm32cubemx/CMakeFiles/STM32_Drivers.dir/__/__/Drivers/STM32F4xx_HAL_Driver/Src/stm32f4xx_hal_cortex.c.obj
 .debug_line    0x0000000000005df9      0x812 cmake/stm32cubemx/CMakeFiles/STM32_Drivers.dir/__/__/Drivers/STM32F4xx_HAL_Driver/Src/stm32f4xx_hal.c.obj
 .debug_line    0x000000000000660b     0x1b0b cmake/stm32cubemx/CMakeFiles/STM32_Drivers.dir/__/__/Drivers/STM32F4xx_HAL_Driver/Src/stm32f4xx_hal_spi.c.obj
 .debug_line    0x0000000000008116      0x5dc CMakeFiles/STMproject.dir/Core/Src/main.c.obj
 .debug_line    0x00000000000086f2      0x52f CMakeFiles/STMproject.dir/Core/Src/gpio.c.obj
 .debug_line    0x0000000000008c21      0x57c CMakeFiles/STMproject.dir/Core/Src/i2c.c.obj
 .debug_line    0x000000000000919d      0x584 CMakeFiles/STMproject.dir/Core/Src/spi.c.obj
 .debug_line    0x0000000000009721      0x5d5 CMakeFiles/STMproject.dir/Core/Src/stm32f4xx_it.c.obj
 .debug_line    0x0000000000009cf6      0x512 CMakeFiles/STMproject.dir/Core/Src/stm32f4xx_hal_msp.c.obj
 .debug_line    0x000000000000a208      0x1d0 CMakeFiles/STMproject.dir/Core/Src/sysmem.c.obj
 .debug_line    0x000000000000a3d8       0xa2 CMakeFiles/STMproject.dir/startup_stm32f411xe.s.obj
 .debug_line    0x000000000000a47a      0x78f CMakeFiles/STMproject.dir/App/Src/app.c.obj
 .debug_line    0x000000000000ac09      0x1f3 CMakeFiles/STMproject.dir/App/UI/Src/ui.c.obj
 .debug_line    0x000000000000adfc      0x37e CMakeFiles/STMproject.dir/App/UI/Src/screen_function0.c.obj
 .debug_line    0x000000000000b17a      0x37e CMakeFiles/STMproject.dir/App/UI/Src/screen_function1.c.obj
 .debug_line    0x000000000000b4f8      0x37e CMakeFiles/STMproject.dir/App/UI/Src/screen_function2.c.obj
 .debug_line    0x000000000000b876      0x37e CMakeFiles/STMproject.dir/App/UI/Src/screen_function3.c.obj
 .debug_line    0x000000000000bbf4      0xc6e CMakeFiles/STMproject.dir/Modules/TFT/Src/tft.c.obj
 .debug_line    0x000000000000c862      0x6af CMakeFiles/STMproject.dir/Modules/DHT20/Src/dht20.c.obj